Archive member included to satisfy reference by file (symbol)

c:/st/stm32cubeide_1.11.0/stm32cubeide/plugins/com.st.stm32cube.ide.mcu.externaltools.gnu-tools-for-stm32.10.3-2021.10.win32_1.0.100.202210260954/tools/bin/../lib/gcc/arm-none-eabi/10.3.1/../../../../arm-none-eabi/lib/thumb/v7e-m+fp/hard\libc_nano.a(lib_a-errno.o)
                              ./Core/Src/syscalls.o (__errno)
c:/st/stm32cubeide_1.11.0/stm32cubeide/plugins/com.st.stm32cube.ide.mcu.externaltools.gnu-tools-for-stm32.10.3-2021.10.win32_1.0.100.202210260954/tools/bin/../lib/gcc/arm-none-eabi/10.3.1/../../../../arm-none-eabi/lib/thumb/v7e-m+fp/hard\libc_nano.a(lib_a-exit.o)
                              c:/st/stm32cubeide_1.11.0/stm32cubeide/plugins/com.st.stm32cube.ide.mcu.externaltools.gnu-tools-for-stm32.10.3-2021.10.win32_1.0.100.202210260954/tools/bin/../lib/gcc/arm-none-eabi/10.3.1/../../../../arm-none-eabi/lib/thumb/v7e-m+fp/hard/crt0.o (exit)
c:/st/stm32cubeide_1.11.0/stm32cubeide/plugins/com.st.stm32cube.ide.mcu.externaltools.gnu-tools-for-stm32.10.3-2021.10.win32_1.0.100.202210260954/tools/bin/../lib/gcc/arm-none-eabi/10.3.1/../../../../arm-none-eabi/lib/thumb/v7e-m+fp/hard\libc_nano.a(lib_a-impure.o)
                              c:/st/stm32cubeide_1.11.0/stm32cubeide/plugins/com.st.stm32cube.ide.mcu.externaltools.gnu-tools-for-stm32.10.3-2021.10.win32_1.0.100.202210260954/tools/bin/../lib/gcc/arm-none-eabi/10.3.1/../../../../arm-none-eabi/lib/thumb/v7e-m+fp/hard\libc_nano.a(lib_a-exit.o) (_global_impure_ptr)
c:/st/stm32cubeide_1.11.0/stm32cubeide/plugins/com.st.stm32cube.ide.mcu.externaltools.gnu-tools-for-stm32.10.3-2021.10.win32_1.0.100.202210260954/tools/bin/../lib/gcc/arm-none-eabi/10.3.1/../../../../arm-none-eabi/lib/thumb/v7e-m+fp/hard\libc_nano.a(lib_a-init.o)
                              c:/st/stm32cubeide_1.11.0/stm32cubeide/plugins/com.st.stm32cube.ide.mcu.externaltools.gnu-tools-for-stm32.10.3-2021.10.win32_1.0.100.202210260954/tools/bin/../lib/gcc/arm-none-eabi/10.3.1/../../../../arm-none-eabi/lib/thumb/v7e-m+fp/hard/crt0.o (__libc_init_array)
c:/st/stm32cubeide_1.11.0/stm32cubeide/plugins/com.st.stm32cube.ide.mcu.externaltools.gnu-tools-for-stm32.10.3-2021.10.win32_1.0.100.202210260954/tools/bin/../lib/gcc/arm-none-eabi/10.3.1/../../../../arm-none-eabi/lib/thumb/v7e-m+fp/hard\libc_nano.a(lib_a-memset.o)
                              c:/st/stm32cubeide_1.11.0/stm32cubeide/plugins/com.st.stm32cube.ide.mcu.externaltools.gnu-tools-for-stm32.10.3-2021.10.win32_1.0.100.202210260954/tools/bin/../lib/gcc/arm-none-eabi/10.3.1/../../../../arm-none-eabi/lib/thumb/v7e-m+fp/hard/crt0.o (memset)
c:/st/stm32cubeide_1.11.0/stm32cubeide/plugins/com.st.stm32cube.ide.mcu.externaltools.gnu-tools-for-stm32.10.3-2021.10.win32_1.0.100.202210260954/tools/bin/../lib/gcc/arm-none-eabi/10.3.1/thumb/v7e-m+fp/hard\libgcc.a(_arm_muldf3.o)
                              ./Core/Src/main.o (__aeabi_dmul)
c:/st/stm32cubeide_1.11.0/stm32cubeide/plugins/com.st.stm32cube.ide.mcu.externaltools.gnu-tools-for-stm32.10.3-2021.10.win32_1.0.100.202210260954/tools/bin/../lib/gcc/arm-none-eabi/10.3.1/thumb/v7e-m+fp/hard\libgcc.a(_arm_addsubdf3.o)
                              ./Core/Src/main.o (__aeabi_i2d)
c:/st/stm32cubeide_1.11.0/stm32cubeide/plugins/com.st.stm32cube.ide.mcu.externaltools.gnu-tools-for-stm32.10.3-2021.10.win32_1.0.100.202210260954/tools/bin/../lib/gcc/arm-none-eabi/10.3.1/thumb/v7e-m+fp/hard\libgcc.a(_arm_truncdfsf2.o)
                              ./Core/Src/main.o (__aeabi_d2f)
c:/st/stm32cubeide_1.11.0/stm32cubeide/plugins/com.st.stm32cube.ide.mcu.externaltools.gnu-tools-for-stm32.10.3-2021.10.win32_1.0.100.202210260954/tools/bin/../lib/gcc/arm-none-eabi/10.3.1/thumb/v7e-m+fp/hard\libgcc.a(_aeabi_uldivmod.o)
                              ./Drivers/STM32F4xx_HAL_Driver/Src/stm32f4xx_hal_rcc.o (__aeabi_uldivmod)
c:/st/stm32cubeide_1.11.0/stm32cubeide/plugins/com.st.stm32cube.ide.mcu.externaltools.gnu-tools-for-stm32.10.3-2021.10.win32_1.0.100.202210260954/tools/bin/../lib/gcc/arm-none-eabi/10.3.1/thumb/v7e-m+fp/hard\libgcc.a(_udivmoddi4.o)
                              c:/st/stm32cubeide_1.11.0/stm32cubeide/plugins/com.st.stm32cube.ide.mcu.externaltools.gnu-tools-for-stm32.10.3-2021.10.win32_1.0.100.202210260954/tools/bin/../lib/gcc/arm-none-eabi/10.3.1/thumb/v7e-m+fp/hard\libgcc.a(_aeabi_uldivmod.o) (__udivmoddi4)
c:/st/stm32cubeide_1.11.0/stm32cubeide/plugins/com.st.stm32cube.ide.mcu.externaltools.gnu-tools-for-stm32.10.3-2021.10.win32_1.0.100.202210260954/tools/bin/../lib/gcc/arm-none-eabi/10.3.1/thumb/v7e-m+fp/hard\libgcc.a(_dvmd_tls.o)
                              c:/st/stm32cubeide_1.11.0/stm32cubeide/plugins/com.st.stm32cube.ide.mcu.externaltools.gnu-tools-for-stm32.10.3-2021.10.win32_1.0.100.202210260954/tools/bin/../lib/gcc/arm-none-eabi/10.3.1/thumb/v7e-m+fp/hard\libgcc.a(_aeabi_uldivmod.o) (__aeabi_ldiv0)

Discarded input sections

[...]
Memory Configuration

Name             Origin             Length             Attributes
CCMRAM           0x0000000010000000 0x0000000000010000 xrw
RAM              0x0000000020000000 0x0000000000020000 xrw
FLASH            0x0000000008000000 0x0000000000100000 xr
*default*        0x0000000000000000 0xffffffffffffffff

Linker script and memory map

LOAD c:/st/stm32cubeide_1.11.0/stm32cubeide/plugins/com.st.stm32cube.ide.mcu.externaltools.gnu-tools-for-stm32.10.3-2021.10.win32_1.0.100.202210260954/tools/bin/../lib/gcc/arm-none-eabi/10.3.1/thumb/v7e-m+fp/hard/crti.o
LOAD c:/st/stm32cubeide_1.11.0/stm32cubeide/plugins/com.st.stm32cube.ide.mcu.externaltools.gnu-tools-for-stm32.10.3-2021.10.win32_1.0.100.202210260954/tools/bin/../lib/gcc/arm-none-eabi/10.3.1/thumb/v7e-m+fp/hard/crtbegin.o
LOAD c:/st/stm32cubeide_1.11.0/stm32cubeide/plugins/com.st.stm32cube.ide.mcu.externaltools.gnu-tools-for-stm32.10.3-2021.10.win32_1.0.100.202210260954/tools/bin/../lib/gcc/arm-none-eabi/10.3.1/../../../../arm-none-eabi/lib/thumb/v7e-m+fp/hard/crt0.o
LOAD ./Core/Src/main.o
LOAD ./Core/Src/stm32f4xx_hal_msp.o
LOAD ./Core/Src/stm32f4xx_it.o
LOAD ./Core/Src/syscalls.o
LOAD ./Core/Src/sysmem.o
LOAD ./Core/Src/system_stm32f4xx.o
LOAD ./Core/Startup/startup_stm32f407vgtx.o
LOAD ./Drivers/STM32F4xx_HAL_Driver/Src/stm32f4xx_hal.o
LOAD ./Drivers/STM32F4xx_HAL_Driver/Src/stm32f4xx_hal_adc.o
LOAD ./Drivers/STM32F4xx_HAL_Driver/Src/stm32f4xx_hal_adc_ex.o
LOAD ./Drivers/STM32F4xx_HAL_Driver/Src/stm32f4xx_hal_cortex.o
LOAD ./Drivers/STM32F4xx_HAL_Driver/Src/stm32f4xx_hal_dma.o
LOAD ./Drivers/STM32F4xx_HAL_Driver/Src/stm32f4xx_hal_dma_ex.o
LOAD ./Drivers/STM32F4xx_HAL_Driver/Src/stm32f4xx_hal_exti.o
LOAD ./Drivers/STM32F4xx_HAL_Driver/Src/stm32f4xx_hal_flash.o
LOAD ./Drivers/STM32F4xx_HAL_Driver/Src/stm32f4xx_hal_flash_ex.o
LOAD ./Drivers/STM32F4xx_HAL_Driver/Src/stm32f4xx_hal_flash_ramfunc.o
LOAD ./Drivers/STM32F4xx_HAL_Driver/Src/stm32f4xx_hal_gpio.o
LOAD ./Drivers/STM32F4xx_HAL_Driver/Src/stm32f4xx_hal_pcd.o
LOAD ./Drivers/STM32F4xx_HAL_Driver/Src/stm32f4xx_hal_pcd_ex.o
LOAD ./Drivers/STM32F4xx_HAL_Driver/Src/stm32f4xx_hal_pwr.o
LOAD ./Drivers/STM32F4xx_HAL_Driver/Src/stm32f4xx_hal_pwr_ex.o
LOAD ./Drivers/STM32F4xx_HAL_Driver/Src/stm32f4xx_hal_rcc.o
LOAD ./Drivers/STM32F4xx_HAL_Driver/Src/stm32f4xx_hal_rcc_ex.o
LOAD ./Drivers/STM32F4xx_HAL_Driver/Src/stm32f4xx_hal_tim.o
LOAD ./Drivers/STM32F4xx_HAL_Driver/Src/stm32f4xx_hal_tim_ex.o
LOAD ./Drivers/STM32F4xx_HAL_Driver/Src/stm32f4xx_ll_adc.o
LOAD ./Drivers/STM32F4xx_HAL_Driver/Src/stm32f4xx_ll_usb.o
LOAD ./Middlewares/ST/STM32_USB_Device_Library/Class/CDC/Src/usbd_cdc.o
LOAD ./Middlewares/ST/STM32_USB_Device_Library/Core/Src/usbd_core.o
LOAD ./Middlewares/ST/STM32_USB_Device_Library/Core/Src/usbd_ctlreq.o
LOAD ./Middlewares/ST/STM32_USB_Device_Library/Core/Src/usbd_ioreq.o
LOAD ./USB_DEVICE/App/usb_device.o
LOAD ./USB_DEVICE/App/usbd_cdc_if.o
LOAD ./USB_DEVICE/App/usbd_desc.o
LOAD ./USB_DEVICE/Target/usbd_conf.o
START GROUP
LOAD c:/st/stm32cubeide_1.11.0/stm32cubeide/plugins/com.st.stm32cube.ide.mcu.externaltools.gnu-tools-for-stm32.10.3-2021.10.win32_1.0.100.202210260954/tools/bin/../lib/gcc/arm-none-eabi/10.3.1/../../../../arm-none-eabi/lib/thumb/v7e-m+fp/hard\libc_nano.a
LOAD c:/st/stm32cubeide_1.11.0/stm32cubeide/plugins/com.st.stm32cube.ide.mcu.externaltools.gnu-tools-for-stm32.10.3-2021.10.win32_1.0.100.202210260954/tools/bin/../lib/gcc/arm-none-eabi/10.3.1/../../../../arm-none-eabi/lib/thumb/v7e-m+fp/hard\libm.a
END GROUP
START GROUP
LOAD c:/st/stm32cubeide_1.11.0/stm32cubeide/plugins/com.st.stm32cube.ide.mcu.externaltools.gnu-tools-for-stm32.10.3-2021.10.win32_1.0.100.202210260954/tools/bin/../lib/gcc/arm-none-eabi/10.3.1/thumb/v7e-m+fp/hard\libgcc.a
LOAD c:/st/stm32cubeide_1.11.0/stm32cubeide/plugins/com.st.stm32cube.ide.mcu.externaltools.gnu-tools-for-stm32.10.3-2021.10.win32_1.0.100.202210260954/tools/bin/../lib/gcc/arm-none-eabi/10.3.1/../../../../arm-none-eabi/lib/thumb/v7e-m+fp/hard\libc_nano.a
END GROUP
START GROUP
LOAD c:/st/stm32cubeide_1.11.0/stm32cubeide/plugins/com.st.stm32cube.ide.mcu.externaltools.gnu-tools-for-stm32.10.3-2021.10.win32_1.0.100.202210260954/tools/bin/../lib/gcc/arm-none-eabi/10.3.1/thumb/v7e-m+fp/hard\libgcc.a
LOAD c:/st/stm32cubeide_1.11.0/stm32cubeide/plugins/com.st.stm32cube.ide.mcu.externaltools.gnu-tools-for-stm32.10.3-2021.10.win32_1.0.100.202210260954/tools/bin/../lib/gcc/arm-none-eabi/10.3.1/../../../../arm-none-eabi/lib/thumb/v7e-m+fp/hard\libc_nano.a
LOAD c:/st/stm32cubeide_1.11.0/stm32cubeide/plugins/com.st.stm32cube.ide.mcu.externaltools.gnu-tools-for-stm32.10.3-2021.10.win32_1.0.100.202210260954/tools/bin/../lib/gcc/arm-none-eabi/10.3.1/../../../../arm-none-eabi/lib/thumb/v7e-m+fp/hard\libnosys.a
END GROUP
START GROUP
LOAD c:/st/stm32cubeide_1.11.0/stm32cubeide/plugins/com.st.stm32cube.ide.mcu.externaltools.gnu-tools-for-stm32.10.3-2021.10.win32_1.0.100.202210260954/tools/bin/../lib/gcc/arm-none-eabi/10.3.1/thumb/v7e-m+fp/hard\libgcc.a
LOAD c:/st/stm32cubeide_1.11.0/stm32cubeide/plugins/com.st.stm32cube.ide.mcu.externaltools.gnu-tools-for-stm32.10.3-2021.10.win32_1.0.100.202210260954/tools/bin/../lib/gcc/arm-none-eabi/10.3.1/../../../../arm-none-eabi/lib/thumb/v7e-m+fp/hard\libc_nano.a
LOAD c:/st/stm32cubeide_1.11.0/stm32cubeide/plugins/com.st.stm32cube.ide.mcu.externaltools.gnu-tools-for-stm32.10.3-2021.10.win32_1.0.100.202210260954/tools/bin/../lib/gcc/arm-none-eabi/10.3.1/../../../../arm-none-eabi/lib/thumb/v7e-m+fp/hard\libnosys.a
END GROUP
LOAD c:/st/stm32cubeide_1.11.0/stm32cubeide/plugins/com.st.stm32cube.ide.mcu.externaltools.gnu-tools-for-stm32.10.3-2021.10.win32_1.0.100.202210260954/tools/bin/../lib/gcc/arm-none-eabi/10.3.1/thumb/v7e-m+fp/hard/crtend.o
LOAD c:/st/stm32cubeide_1.11.0/stm32cubeide/plugins/com.st.stm32cube.ide.mcu.externaltools.gnu-tools-for-stm32.10.3-2021.10.win32_1.0.100.202210260954/tools/bin/../lib/gcc/arm-none-eabi/10.3.1/thumb/v7e-m+fp/hard/crtn.o
                0x0000000020020000                _estack = (ORIGIN (RAM) + LENGTH (RAM))
                0x0000000000000200                _Min_Heap_Size = 0x200
                0x0000000000000400                _Min_Stack_Size = 0x400

.isr_vector     0x0000000008000000      0x188
                0x0000000008000000                . = ALIGN (0x4)
 *(.isr_vector)
 .isr_vector    0x0000000008000000      0x188 ./Core/Startup/startup_stm32f407vgtx.o
                0x0000000008000000                g_pfnVectors
                0x0000000008000188                . = ALIGN (0x4)

.text           0x0000000008000188     0x5e5c
                0x0000000008000188                . = ALIGN (0x4)
 *(.text)
 .text          0x0000000008000188       0x40 c:/st/stm32cubeide_1.11.0/stm32cubeide/plugins/com.st.stm32cube.ide.mcu.externaltools.gnu-tools-for-stm32.10.3-2021.10.win32_1.0.100.202210260954/tools/bin/../lib/gcc/arm-none-eabi/10.3.1/thumb/v7e-m+fp/hard/crtbegin.o
 .text          0x00000000080001c8      0x254 c:/st/stm32cubeide_1.11.0/stm32cubeide/plugins/com.st.stm32cube.ide.mcu.externaltools.gnu-tools-for-stm32.10.3-2021.10.win32_1.0.100.202210260954/tools/bin/../lib/gcc/arm-none-eabi/10.3.1/thumb/v7e-m+fp/hard\libgcc.a(_arm_muldf3.o)
                0x00000000080001c8                __muldf3
                0x00000000080001c8                __aeabi_dmul
 .text          0x000000000800041c      0x378 c:/st/stm32cubeide_1.11.0/stm32cubeide/plugins/com.st.stm32cube.ide.mcu.externaltools.gnu-tools-for-stm32.10.3-2021.10.win32_1.0.100.202210260954/tools/bin/../lib/gcc/arm-none-eabi/10.3.1/thumb/v7e-m+fp/hard\libgcc.a(_arm_addsubdf3.o)
                0x000000000800041c                __aeabi_drsub
                0x0000000008000424                __aeabi_dsub
                0x0000000008000424                __subdf3
                0x0000000008000428                __aeabi_dadd
                0x0000000008000428                __adddf3
                0x00000000080006a0                __floatunsidf
                0x00000000080006a0                __aeabi_ui2d
                0x00000000080006c0                __floatsidf
                0x00000000080006c0                __aeabi_i2d
                0x00000000080006e4                __aeabi_f2d
                0x00000000080006e4                __extendsfdf2
                0x0000000008000728                __floatundidf
                0x0000000008000728                __aeabi_ul2d
                0x0000000008000738                __floatdidf
                0x0000000008000738                __aeabi_l2d
 .text          0x0000000008000794       0xa0 c:/st/stm32cubeide_1.11.0/stm32cubeide/plugins/com.st.stm32cube.ide.mcu.externaltools.gnu-tools-for-stm32.10.3-2021.10.win32_1.0.100.202210260954/tools/bin/../lib/gcc/arm-none-eabi/10.3.1/thumb/v7e-m+fp/hard\libgcc.a(_arm_truncdfsf2.o)
                0x0000000008000794                __truncdfsf2
                0x0000000008000794                __aeabi_d2f
 .text          0x0000000008000834       0x30 c:/st/stm32cubeide_1.11.0/stm32cubeide/plugins/com.st.stm32cube.ide.mcu.externaltools.gnu-tools-for-stm32.10.3-2021.10.win32_1.0.100.202210260954/tools/bin/../lib/gcc/arm-none-eabi/10.3.1/thumb/v7e-m+fp/hard\libgcc.a(_aeabi_uldivmod.o)
                0x0000000008000834                __aeabi_uldivmod
 .text          0x0000000008000864      0x2d0 c:/st/stm32cubeide_1.11.0/stm32cubeide/plugins/com.st.stm32cube.ide.mcu.externaltools.gnu-tools-for-stm32.10.3-2021.10.win32_1.0.100.202210260954/tools/bin/../lib/gcc/arm-none-eabi/10.3.1/thumb/v7e-m+fp/hard\libgcc.a(_udivmoddi4.o)
                0x0000000008000864                __udivmoddi4
 .text          0x0000000008000b34        0x4 c:/st/stm32cubeide_1.11.0/stm32cubeide/plugins/com.st.stm32cube.ide.mcu.externaltools.gnu-tools-for-stm32.10.3-2021.10.win32_1.0.100.202210260954/tools/bin/../lib/gcc/arm-none-eabi/10.3.1/thumb/v7e-m+fp/hard\libgcc.a(_dvmd_tls.o)
                0x0000000008000b34                __aeabi_idiv0
                0x0000000008000b34                __aeabi_ldiv0
 *(.text*)
 .text.Read_ADC
                0x0000000008000b38       0x70 ./Core/Src/main.o
                0x0000000008000b38                Read_ADC
 .text.main     0x0000000008000ba8       0x1a ./Core/Src/main.o
                0x0000000008000ba8                main
 *fill*         0x0000000008000bc2        0x2 
 .text.SystemClock_Config
                0x0000000008000bc4       0xd4 ./Core/Src/main.o
                0x0000000008000bc4                SystemClock_Config
 .text.MX_ADC1_Init
                0x0000000008000c98       0xa4 ./Core/Src/main.o
 .text.MX_GPIO_Init
                0x0000000008000d3c       0x50 ./Core/Src/main.o
 .text.Error_Handler
                0x0000000008000d8c        0xa ./Core/Src/main.o
                0x0000000008000d8c                Error_Handler
 *fill*         0x0000000008000d96        0x2 
 .text.HAL_MspInit
                0x0000000008000d98       0x50 ./Core/Src/stm32f4xx_hal_msp.o
                0x0000000008000d98                HAL_MspInit
 .text.HAL_ADC_MspInit
                0x0000000008000de8       0x88 ./Core/Src/stm32f4xx_hal_msp.o
                0x0000000008000de8                HAL_ADC_MspInit
 .text.NMI_Handler
                0x0000000008000e70        0x6 ./Core/Src/stm32f4xx_it.o
                0x0000000008000e70                NMI_Handler
 .text.HardFault_Handler
                0x0000000008000e76        0x6 ./Core/Src/stm32f4xx_it.o
                0x0000000008000e76                HardFault_Handler
 .text.MemManage_Handler
                0x0000000008000e7c        0x6 ./Core/Src/stm32f4xx_it.o
                0x0000000008000e7c                MemManage_Handler
 .text.BusFault_Handler
                0x0000000008000e82        0x6 ./Core/Src/stm32f4xx_it.o
                0x0000000008000e82                BusFault_Handler
 .text.UsageFault_Handler
                0x0000000008000e88        0x6 ./Core/Src/stm32f4xx_it.o
                0x0000000008000e88                UsageFault_Handler
 .text.SVC_Handler
                0x0000000008000e8e        0xe ./Core/Src/stm32f4xx_it.o
                0x0000000008000e8e                SVC_Handler
 .text.DebugMon_Handler
                0x0000000008000e9c        0xe ./Core/Src/stm32f4xx_it.o
                0x0000000008000e9c                DebugMon_Handler
 .text.PendSV_Handler
                0x0000000008000eaa        0xe ./Core/Src/stm32f4xx_it.o
                0x0000000008000eaa                PendSV_Handler
 .text.SysTick_Handler
                0x0000000008000eb8        0xc ./Core/Src/stm32f4xx_it.o
                0x0000000008000eb8                SysTick_Handler
 .text.OTG_FS_IRQHandler
                0x0000000008000ec4       0x14 ./Core/Src/stm32f4xx_it.o
                0x0000000008000ec4                OTG_FS_IRQHandler
 .text.SystemInit
                0x0000000008000ed8       0x24 ./Core/Src/system_stm32f4xx.o
                0x0000000008000ed8                SystemInit
 .text.Reset_Handler
                0x0000000008000efc       0x50 ./Core/Startup/startup_stm32f407vgtx.o
                0x0000000008000efc                Reset_Handler
 .text.Default_Handler
                0x0000000008000f4c        0x2 ./Core/Startup/startup_stm32f407vgtx.o
                0x0000000008000f4c                RTC_Alarm_IRQHandler
                0x0000000008000f4c                HASH_RNG_IRQHandler
                0x0000000008000f4c                EXTI2_IRQHandler
                0x0000000008000f4c                TIM8_CC_IRQHandler
                0x0000000008000f4c                TIM1_CC_IRQHandler
                0x0000000008000f4c                DMA2_Stream5_IRQHandler
                0x0000000008000f4c                DMA1_Stream5_IRQHandler
                0x0000000008000f4c                PVD_IRQHandler
                0x0000000008000f4c                SDIO_IRQHandler
                0x0000000008000f4c                TAMP_STAMP_IRQHandler
                0x0000000008000f4c                CAN2_RX1_IRQHandler
                0x0000000008000f4c                EXTI3_IRQHandler
                0x0000000008000f4c                TIM8_TRG_COM_TIM14_IRQHandler
                0x0000000008000f4c                TIM1_UP_TIM10_IRQHandler
                0x0000000008000f4c                TIM8_UP_TIM13_IRQHandler
                0x0000000008000f4c                I2C3_ER_IRQHandler
                0x0000000008000f4c                EXTI0_IRQHandler
                0x0000000008000f4c                I2C2_EV_IRQHandler
                0x0000000008000f4c                DMA1_Stream2_IRQHandler
                0x0000000008000f4c                CAN1_RX0_IRQHandler
                0x0000000008000f4c                FPU_IRQHandler
                0x0000000008000f4c                OTG_HS_WKUP_IRQHandler
                0x0000000008000f4c                CAN2_SCE_IRQHandler
                0x0000000008000f4c                DMA2_Stream2_IRQHandler
                0x0000000008000f4c                SPI1_IRQHandler
                0x0000000008000f4c                TIM6_DAC_IRQHandler
                0x0000000008000f4c                TIM1_BRK_TIM9_IRQHandler
                0x0000000008000f4c                DCMI_IRQHandler
                0x0000000008000f4c                CAN2_RX0_IRQHandler
                0x0000000008000f4c                DMA2_Stream3_IRQHandler
                0x0000000008000f4c                USART6_IRQHandler
                0x0000000008000f4c                USART3_IRQHandler
                0x0000000008000f4c                CAN1_RX1_IRQHandler
                0x0000000008000f4c                UART5_IRQHandler
                0x0000000008000f4c                DMA2_Stream0_IRQHandler
                0x0000000008000f4c                TIM4_IRQHandler
                0x0000000008000f4c                I2C1_EV_IRQHandler
                0x0000000008000f4c                DMA1_Stream6_IRQHandler
                0x0000000008000f4c                DMA1_Stream1_IRQHandler
                0x0000000008000f4c                UART4_IRQHandler
                0x0000000008000f4c                TIM3_IRQHandler
                0x0000000008000f4c                RCC_IRQHandler
                0x0000000008000f4c                TIM8_BRK_TIM12_IRQHandler
                0x0000000008000f4c                Default_Handler
                0x0000000008000f4c                EXTI15_10_IRQHandler
                0x0000000008000f4c                ADC_IRQHandler
                0x0000000008000f4c                DMA1_Stream7_IRQHandler
                0x0000000008000f4c                TIM7_IRQHandler
                0x0000000008000f4c                CAN2_TX_IRQHandler
                0x0000000008000f4c                TIM5_IRQHandler
                0x0000000008000f4c                DMA2_Stream7_IRQHandler
                0x0000000008000f4c                I2C3_EV_IRQHandler
                0x0000000008000f4c                EXTI9_5_IRQHandler
                0x0000000008000f4c                RTC_WKUP_IRQHandler
                0x0000000008000f4c                ETH_WKUP_IRQHandler
                0x0000000008000f4c                SPI2_IRQHandler
                0x0000000008000f4c                OTG_HS_EP1_IN_IRQHandler
                0x0000000008000f4c                DMA1_Stream0_IRQHandler
                0x0000000008000f4c                CAN1_TX_IRQHandler
                0x0000000008000f4c                EXTI4_IRQHandler
                0x0000000008000f4c                FSMC_IRQHandler
                0x0000000008000f4c                ETH_IRQHandler
                0x0000000008000f4c                OTG_HS_EP1_OUT_IRQHandler
                0x0000000008000f4c                WWDG_IRQHandler
                0x0000000008000f4c                TIM2_IRQHandler
                0x0000000008000f4c                OTG_FS_WKUP_IRQHandler
                0x0000000008000f4c                TIM1_TRG_COM_TIM11_IRQHandler
                0x0000000008000f4c                OTG_HS_IRQHandler
                0x0000000008000f4c                EXTI1_IRQHandler
                0x0000000008000f4c                USART2_IRQHandler
                0x0000000008000f4c                I2C2_ER_IRQHandler
                0x0000000008000f4c                DMA2_Stream1_IRQHandler
                0x0000000008000f4c                CAN1_SCE_IRQHandler
                0x0000000008000f4c                FLASH_IRQHandler
                0x0000000008000f4c                DMA2_Stream4_IRQHandler
                0x0000000008000f4c                USART1_IRQHandler
                0x0000000008000f4c                SPI3_IRQHandler
                0x0000000008000f4c                DMA1_Stream4_IRQHandler
                0x0000000008000f4c                I2C1_ER_IRQHandler
                0x0000000008000f4c                DMA2_Stream6_IRQHandler
                0x0000000008000f4c                DMA1_Stream3_IRQHandler
 *fill*         0x0000000008000f4e        0x2 
 .text.HAL_Init
                0x0000000008000f50       0x44 ./Drivers/STM32F4xx_HAL_Driver/Src/stm32f4xx_hal.o
                0x0000000008000f50                HAL_Init
 .text.HAL_InitTick
                0x0000000008000f94       0x60 ./Drivers/STM32F4xx_HAL_Driver/Src/stm32f4xx_hal.o
                0x0000000008000f94                HAL_InitTick
 .text.HAL_IncTick
                0x0000000008000ff4       0x28 ./Drivers/STM32F4xx_HAL_Driver/Src/stm32f4xx_hal.o
                0x0000000008000ff4                HAL_IncTick
 .text.HAL_GetTick
                0x000000000800101c       0x18 ./Drivers/STM32F4xx_HAL_Driver/Src/stm32f4xx_hal.o
                0x000000000800101c                HAL_GetTick
 .text.HAL_ADC_Init
                0x0000000008001034       0x86 ./Drivers/STM32F4xx_HAL_Driver/Src/stm32f4xx_hal_adc.o
                0x0000000008001034                HAL_ADC_Init
 *fill*         0x00000000080010ba        0x2 
 .text.HAL_ADC_Start
                0x00000000080010bc      0x1a4 ./Drivers/STM32F4xx_HAL_Driver/Src/stm32f4xx_hal_adc.o
                0x00000000080010bc                HAL_ADC_Start
 .text.HAL_ADC_Stop
                0x0000000008001260       0x66 ./Drivers/STM32F4xx_HAL_Driver/Src/stm32f4xx_hal_adc.o
                0x0000000008001260                HAL_ADC_Stop
 .text.HAL_ADC_PollForConversion
                0x00000000080012c6      0x116 ./Drivers/STM32F4xx_HAL_Driver/Src/stm32f4xx_hal_adc.o
                0x00000000080012c6                HAL_ADC_PollForConversion
 .text.HAL_ADC_GetValue
                0x00000000080013dc       0x1a ./Drivers/STM32F4xx_HAL_Driver/Src/stm32f4xx_hal_adc.o
                0x00000000080013dc                HAL_ADC_GetValue
 *fill*         0x00000000080013f6        0x2 
 .text.HAL_ADC_ConfigChannel
                0x00000000080013f8      0x244 ./Drivers/STM32F4xx_HAL_Driver/Src/stm32f4xx_hal_adc.o
                0x00000000080013f8                HAL_ADC_ConfigChannel
 .text.ADC_Init
                0x000000000800163c      0x1f8 ./Drivers/STM32F4xx_HAL_Driver/Src/stm32f4xx_hal_adc.o
 .text.__NVIC_SetPriorityGrouping
                0x0000000008001834       0x48 ./Drivers/STM32F4xx_HAL_Driver/Src/stm32f4xx_hal_cortex.o
 .text.__NVIC_GetPriorityGrouping
                0x000000000800187c       0x1c ./Drivers/STM32F4xx_HAL_Driver/Src/stm32f4xx_hal_cortex.o
 .text.__NVIC_SetPriority
                0x0000000008001898       0x54 ./Drivers/STM32F4xx_HAL_Driver/Src/stm32f4xx_hal_cortex.o
 .text.NVIC_EncodePriority
                0x00000000080018ec       0x66 ./Drivers/STM32F4xx_HAL_Driver/Src/stm32f4xx_hal_cortex.o
 *fill*         0x0000000008001952        0x2 
 .text.SysTick_Config
                0x0000000008001954       0x44 ./Drivers/STM32F4xx_HAL_Driver/Src/stm32f4xx_hal_cortex.o
 .text.HAL_NVIC_SetPriorityGrouping
                0x0000000008001998       0x16 ./Drivers/STM32F4xx_HAL_Driver/Src/stm32f4xx_hal_cortex.o
                0x0000000008001998                HAL_NVIC_SetPriorityGrouping
 .text.HAL_NVIC_SetPriority
                0x00000000080019ae       0x38 ./Drivers/STM32F4xx_HAL_Driver/Src/stm32f4xx_hal_cortex.o
                0x00000000080019ae                HAL_NVIC_SetPriority
 .text.HAL_SYSTICK_Config
                0x00000000080019e6       0x18 ./Drivers/STM32F4xx_HAL_Driver/Src/stm32f4xx_hal_cortex.o
                0x00000000080019e6                HAL_SYSTICK_Config
 *fill*         0x00000000080019fe        0x2 
 .text.HAL_GPIO_Init
                0x0000000008001a00      0x338 ./Drivers/STM32F4xx_HAL_Driver/Src/stm32f4xx_hal_gpio.o
                0x0000000008001a00                HAL_GPIO_Init
 .text.HAL_PCD_IRQHandler
                0x0000000008001d38      0x93e ./Drivers/STM32F4xx_HAL_Driver/Src/stm32f4xx_hal_pcd.o
                0x0000000008001d38                HAL_PCD_IRQHandler
 .text.HAL_PCD_SetAddress
                0x0000000008002676       0x4a ./Drivers/STM32F4xx_HAL_Driver/Src/stm32f4xx_hal_pcd.o
                0x0000000008002676                HAL_PCD_SetAddress
 .text.HAL_PCD_EP_Open
                0x00000000080026c0       0xd0 ./Drivers/STM32F4xx_HAL_Driver/Src/stm32f4xx_hal_pcd.o
                0x00000000080026c0                HAL_PCD_EP_Open
 .text.HAL_PCD_EP_Receive
                0x0000000008002790       0x96 ./Drivers/STM32F4xx_HAL_Driver/Src/stm32f4xx_hal_pcd.o
                0x0000000008002790                HAL_PCD_EP_Receive
 .text.HAL_PCD_EP_Transmit
                0x0000000008002826       0x94 ./Drivers/STM32F4xx_HAL_Driver/Src/stm32f4xx_hal_pcd.o
                0x0000000008002826                HAL_PCD_EP_Transmit
 .text.HAL_PCD_EP_SetStall
                0x00000000080028ba       0xc8 ./Drivers/STM32F4xx_HAL_Driver/Src/stm32f4xx_hal_pcd.o
                0x00000000080028ba                HAL_PCD_EP_SetStall
 .text.HAL_PCD_EP_ClrStall
                0x0000000008002982       0xac ./Drivers/STM32F4xx_HAL_Driver/Src/stm32f4xx_hal_pcd.o
                0x0000000008002982                HAL_PCD_EP_ClrStall
 .text.HAL_PCD_EP_Abort
                0x0000000008002a2e       0x62 ./Drivers/STM32F4xx_HAL_Driver/Src/stm32f4xx_hal_pcd.o
                0x0000000008002a2e                HAL_PCD_EP_Abort
 .text.PCD_WriteEmptyTxFifo
                0x0000000008002a90      0x11a ./Drivers/STM32F4xx_HAL_Driver/Src/stm32f4xx_hal_pcd.o
 *fill*         0x0000000008002baa        0x2 
 .text.PCD_EP_OutXfrComplete_int
                0x0000000008002bac      0x1d0 ./Drivers/STM32F4xx_HAL_Driver/Src/stm32f4xx_hal_pcd.o
 .text.PCD_EP_OutSetupPacket_int
                0x0000000008002d7c       0x8c ./Drivers/STM32F4xx_HAL_Driver/Src/stm32f4xx_hal_pcd.o
 .text.HAL_PCDEx_LPM_Callback
                0x0000000008002e08       0x18 ./Drivers/STM32F4xx_HAL_Driver/Src/stm32f4xx_hal_pcd_ex.o
                0x0000000008002e08                HAL_PCDEx_LPM_Callback
 .text.HAL_RCC_OscConfig
                0x0000000008002e20      0x4f0 ./Drivers/STM32F4xx_HAL_Driver/Src/stm32f4xx_hal_rcc.o
                0x0000000008002e20                HAL_RCC_OscConfig
 .text.HAL_RCC_ClockConfig
                0x0000000008003310      0x1cc ./Drivers/STM32F4xx_HAL_Driver/Src/stm32f4xx_hal_rcc.o
                0x0000000008003310                HAL_RCC_ClockConfig
 .text.HAL_RCC_GetSysClockFreq
                0x00000000080034dc      0x20c ./Drivers/STM32F4xx_HAL_Driver/Src/stm32f4xx_hal_rcc.o
                0x00000000080034dc                HAL_RCC_GetSysClockFreq
 .text.HAL_RCC_GetHCLKFreq
                0x00000000080036e8       0x18 ./Drivers/STM32F4xx_HAL_Driver/Src/stm32f4xx_hal_rcc.o
                0x00000000080036e8                HAL_RCC_GetHCLKFreq
 .text.USB_SetTurnaroundTime
                0x0000000008003700      0x144 ./Drivers/STM32F4xx_HAL_Driver/Src/stm32f4xx_ll_usb.o
                0x0000000008003700                USB_SetTurnaroundTime
 .text.USB_FlushTxFifo
                0x0000000008003844       0x68 ./Drivers/STM32F4xx_HAL_Driver/Src/stm32f4xx_ll_usb.o
                0x0000000008003844                USB_FlushTxFifo
 .text.USB_GetDevSpeed
                0x00000000080038ac       0x4a ./Drivers/STM32F4xx_HAL_Driver/Src/stm32f4xx_ll_usb.o
                0x00000000080038ac                USB_GetDevSpeed
 .text.USB_ActivateEndpoint
                0x00000000080038f6      0x10e ./Drivers/STM32F4xx_HAL_Driver/Src/stm32f4xx_ll_usb.o
                0x00000000080038f6                USB_ActivateEndpoint
 .text.USB_EPStartXfer
                0x0000000008003a04      0x490 ./Drivers/STM32F4xx_HAL_Driver/Src/stm32f4xx_ll_usb.o
                0x0000000008003a04                USB_EPStartXfer
 .text.USB_EP0StartXfer
                0x0000000008003e94      0x2b0 ./Drivers/STM32F4xx_HAL_Driver/Src/stm32f4xx_ll_usb.o
                0x0000000008003e94                USB_EP0StartXfer
 .text.USB_EPStopXfer
                0x0000000008004144      0x154 ./Drivers/STM32F4xx_HAL_Driver/Src/stm32f4xx_ll_usb.o
                0x0000000008004144                USB_EPStopXfer
 .text.USB_WritePacket
                0x0000000008004298       0x7c ./Drivers/STM32F4xx_HAL_Driver/Src/stm32f4xx_ll_usb.o
                0x0000000008004298                USB_WritePacket
 .text.USB_ReadPacket
                0x0000000008004314       0xb0 ./Drivers/STM32F4xx_HAL_Driver/Src/stm32f4xx_ll_usb.o
                0x0000000008004314                USB_ReadPacket
 .text.USB_EPSetStall
                0x00000000080043c4       0xdc ./Drivers/STM32F4xx_HAL_Driver/Src/stm32f4xx_ll_usb.o
                0x00000000080043c4                USB_EPSetStall
 .text.USB_EPClearStall
                0x00000000080044a0       0xcc ./Drivers/STM32F4xx_HAL_Driver/Src/stm32f4xx_ll_usb.o
                0x00000000080044a0                USB_EPClearStall
 .text.USB_SetDevAddress
                0x000000000800456c       0x4c ./Drivers/STM32F4xx_HAL_Driver/Src/stm32f4xx_ll_usb.o
                0x000000000800456c                USB_SetDevAddress
 .text.USB_ReadInterrupts
                0x00000000080045b8       0x26 ./Drivers/STM32F4xx_HAL_Driver/Src/stm32f4xx_ll_usb.o
                0x00000000080045b8                USB_ReadInterrupts
 .text.USB_ReadDevAllOutEpInterrupt
                0x00000000080045de       0x34 ./Drivers/STM32F4xx_HAL_Driver/Src/stm32f4xx_ll_usb.o
                0x00000000080045de                USB_ReadDevAllOutEpInterrupt
 .text.USB_ReadDevAllInEpInterrupt
                0x0000000008004612       0x34 ./Drivers/STM32F4xx_HAL_Driver/Src/stm32f4xx_ll_usb.o
                0x0000000008004612                USB_ReadDevAllInEpInterrupt
 .text.USB_ReadDevOutEPInterrupt
                0x0000000008004646       0x3c ./Drivers/STM32F4xx_HAL_Driver/Src/stm32f4xx_ll_usb.o
                0x0000000008004646                USB_ReadDevOutEPInterrupt
 .text.USB_ReadDevInEPInterrupt
                0x0000000008004682       0x5c ./Drivers/STM32F4xx_HAL_Driver/Src/stm32f4xx_ll_usb.o
                0x0000000008004682                USB_ReadDevInEPInterrupt
 .text.USB_GetMode
                0x00000000080046de       0x1c ./Drivers/STM32F4xx_HAL_Driver/Src/stm32f4xx_ll_usb.o
                0x00000000080046de                USB_GetMode
 .text.USB_ActivateSetup
                0x00000000080046fa       0x46 ./Drivers/STM32F4xx_HAL_Driver/Src/stm32f4xx_ll_usb.o
                0x00000000080046fa                USB_ActivateSetup
 .text.USB_EP0_OutStart
                0x0000000008004740       0xbc ./Drivers/STM32F4xx_HAL_Driver/Src/stm32f4xx_ll_usb.o
                0x0000000008004740                USB_EP0_OutStart
 .text.USBD_RunTestMode
                0x00000000080047fc       0x16 ./Middlewares/ST/STM32_USB_Device_Library/Core/Src/usbd_core.o
                0x00000000080047fc                USBD_RunTestMode
 .text.USBD_SetClassConfig
                0x0000000008004812       0x38 ./Middlewares/ST/STM32_USB_Device_Library/Core/Src/usbd_core.o
                0x0000000008004812                USBD_SetClassConfig
 .text.USBD_ClrClassConfig
                0x000000000800484a       0x34 ./Middlewares/ST/STM32_USB_Device_Library/Core/Src/usbd_core.o
                0x000000000800484a                USBD_ClrClassConfig
 .text.USBD_LL_SetupStage
                0x000000000800487e       0xaa ./Middlewares/ST/STM32_USB_Device_Library/Core/Src/usbd_core.o
                0x000000000800487e                USBD_LL_SetupStage
 .text.USBD_LL_DataOutStage
                0x0000000008004928      0x166 ./Middlewares/ST/STM32_USB_Device_Library/Core/Src/usbd_core.o
                0x0000000008004928                USBD_LL_DataOutStage
 .text.USBD_LL_DataInStage
                0x0000000008004a8e      0x164 ./Middlewares/ST/STM32_USB_Device_Library/Core/Src/usbd_core.o
                0x0000000008004a8e                USBD_LL_DataInStage
 .text.USBD_LL_Reset
                0x0000000008004bf2       0xa4 ./Middlewares/ST/STM32_USB_Device_Library/Core/Src/usbd_core.o
                0x0000000008004bf2                USBD_LL_Reset
 .text.USBD_LL_SetSpeed
                0x0000000008004c96       0x20 ./Middlewares/ST/STM32_USB_Device_Library/Core/Src/usbd_core.o
                0x0000000008004c96                USBD_LL_SetSpeed
 .text.USBD_LL_Suspend
                0x0000000008004cb6       0x2c ./Middlewares/ST/STM32_USB_Device_Library/Core/Src/usbd_core.o
                0x0000000008004cb6                USBD_LL_Suspend
 .text.USBD_LL_Resume
                0x0000000008004ce2       0x30 ./Middlewares/ST/STM32_USB_Device_Library/Core/Src/usbd_core.o
                0x0000000008004ce2                USBD_LL_Resume
 .text.USBD_LL_SOF
                0x0000000008004d12       0x40 ./Middlewares/ST/STM32_USB_Device_Library/Core/Src/usbd_core.o
                0x0000000008004d12                USBD_LL_SOF
 .text.USBD_LL_IsoINIncomplete
                0x0000000008004d52       0x64 ./Middlewares/ST/STM32_USB_Device_Library/Core/Src/usbd_core.o
                0x0000000008004d52                USBD_LL_IsoINIncomplete
 .text.USBD_LL_IsoOUTIncomplete
                0x0000000008004db6       0x64 ./Middlewares/ST/STM32_USB_Device_Library/Core/Src/usbd_core.o
                0x0000000008004db6                USBD_LL_IsoOUTIncomplete
 .text.USBD_LL_DevConnected
                0x0000000008004e1a       0x16 ./Middlewares/ST/STM32_USB_Device_Library/Core/Src/usbd_core.o
                0x0000000008004e1a                USBD_LL_DevConnected
 .text.USBD_LL_DevDisconnected
                0x0000000008004e30       0x46 ./Middlewares/ST/STM32_USB_Device_Library/Core/Src/usbd_core.o
                0x0000000008004e30                USBD_LL_DevDisconnected
 .text.USBD_CoreFindIF
                0x0000000008004e76       0x1a ./Middlewares/ST/STM32_USB_Device_Library/Core/Src/usbd_core.o
                0x0000000008004e76                USBD_CoreFindIF
 .text.USBD_CoreFindEP
                0x0000000008004e90       0x1a ./Middlewares/ST/STM32_USB_Device_Library/Core/Src/usbd_core.o
                0x0000000008004e90                USBD_CoreFindEP
 .text.SWAPBYTE
                0x0000000008004eaa       0x3c ./Middlewares/ST/STM32_USB_Device_Library/Core/Src/usbd_ctlreq.o
 *fill*         0x0000000008004ee6        0x2 
 .text.USBD_StdDevReq
                0x0000000008004ee8       0xe4 ./Middlewares/ST/STM32_USB_Device_Library/Core/Src/usbd_ctlreq.o
                0x0000000008004ee8                USBD_StdDevReq
 .text.USBD_StdItfReq
                0x0000000008004fcc       0xd8 ./Middlewares/ST/STM32_USB_Device_Library/Core/Src/usbd_ctlreq.o
                0x0000000008004fcc                USBD_StdItfReq
 .text.USBD_StdEPReq
                0x00000000080050a4      0x33a ./Middlewares/ST/STM32_USB_Device_Library/Core/Src/usbd_ctlreq.o
                0x00000000080050a4                USBD_StdEPReq
 *fill*         0x00000000080053de        0x2 
 .text.USBD_GetDescriptor
                0x00000000080053e0      0x2d4 ./Middlewares/ST/STM32_USB_Device_Library/Core/Src/usbd_ctlreq.o
 .text.USBD_SetAddress
                0x00000000080056b4       0x88 ./Middlewares/ST/STM32_USB_Device_Library/Core/Src/usbd_ctlreq.o
 .text.USBD_SetConfig
                0x000000000800573c      0x154 ./Middlewares/ST/STM32_USB_Device_Library/Core/Src/usbd_ctlreq.o
 .text.USBD_GetConfig
                0x0000000008005890       0x6c ./Middlewares/ST/STM32_USB_Device_Library/Core/Src/usbd_ctlreq.o
 .text.USBD_GetStatus
                0x00000000080058fc       0x68 ./Middlewares/ST/STM32_USB_Device_Library/Core/Src/usbd_ctlreq.o
 .text.USBD_SetFeature
                0x0000000008005964       0x52 ./Middlewares/ST/STM32_USB_Device_Library/Core/Src/usbd_ctlreq.o
 .text.USBD_ClrFeature
                0x00000000080059b6       0x44 ./Middlewares/ST/STM32_USB_Device_Library/Core/Src/usbd_ctlreq.o
 .text.USBD_ParseSetupRequest
                0x00000000080059fa       0x74 ./Middlewares/ST/STM32_USB_Device_Library/Core/Src/usbd_ctlreq.o
                0x00000000080059fa                USBD_ParseSetupRequest
 .text.USBD_CtlError
                0x0000000008005a6e       0x22 ./Middlewares/ST/STM32_USB_Device_Library/Core/Src/usbd_ctlreq.o
                0x0000000008005a6e                USBD_CtlError
 .text.USBD_CtlSendData
                0x0000000008005a90       0x36 ./Middlewares/ST/STM32_USB_Device_Library/Core/Src/usbd_ioreq.o
                0x0000000008005a90                USBD_CtlSendData
 .text.USBD_CtlContinueSendData
                0x0000000008005ac6       0x22 ./Middlewares/ST/STM32_USB_Device_Library/Core/Src/usbd_ioreq.o
                0x0000000008005ac6                USBD_CtlContinueSendData
 .text.USBD_CtlContinueRx
                0x0000000008005ae8       0x22 ./Middlewares/ST/STM32_USB_Device_Library/Core/Src/usbd_ioreq.o
                0x0000000008005ae8                USBD_CtlContinueRx
 .text.USBD_CtlSendStatus
                0x0000000008005b0a       0x26 ./Middlewares/ST/STM32_USB_Device_Library/Core/Src/usbd_ioreq.o
                0x0000000008005b0a                USBD_CtlSendStatus
 .text.USBD_CtlReceiveStatus
                0x0000000008005b30       0x26 ./Middlewares/ST/STM32_USB_Device_Library/Core/Src/usbd_ioreq.o
                0x0000000008005b30                USBD_CtlReceiveStatus
 .text.HAL_PCD_SetupStageCallback
                0x0000000008005b56       0x24 ./USB_DEVICE/Target/usbd_conf.o
                0x0000000008005b56                HAL_PCD_SetupStageCallback
 .text.HAL_PCD_DataOutStageCallback
                0x0000000008005b7a       0x36 ./USB_DEVICE/Target/usbd_conf.o
                0x0000000008005b7a                HAL_PCD_DataOutStageCallback
 .text.HAL_PCD_DataInStageCallback
                0x0000000008005bb0       0x34 ./USB_DEVICE/Target/usbd_conf.o
                0x0000000008005bb0                HAL_PCD_DataInStageCallback
 .text.HAL_PCD_SOFCallback
                0x0000000008005be4       0x1c ./USB_DEVICE/Target/usbd_conf.o
                0x0000000008005be4                HAL_PCD_SOFCallback
 .text.HAL_PCD_ResetCallback
                0x0000000008005c00       0x50 ./USB_DEVICE/Target/usbd_conf.o
                0x0000000008005c00                HAL_PCD_ResetCallback
 .text.HAL_PCD_SuspendCallback
                0x0000000008005c50       0x4c ./USB_DEVICE/Target/usbd_conf.o
                0x0000000008005c50                HAL_PCD_SuspendCallback
 .text.HAL_PCD_ResumeCallback
                0x0000000008005c9c       0x1c ./USB_DEVICE/Target/usbd_conf.o
                0x0000000008005c9c                HAL_PCD_ResumeCallback
 .text.HAL_PCD_ISOOUTIncompleteCallback
                0x0000000008005cb8       0x24 ./USB_DEVICE/Target/usbd_conf.o
                0x0000000008005cb8                HAL_PCD_ISOOUTIncompleteCallback
 .text.HAL_PCD_ISOINIncompleteCallback
                0x0000000008005cdc       0x24 ./USB_DEVICE/Target/usbd_conf.o
                0x0000000008005cdc                HAL_PCD_ISOINIncompleteCallback
 .text.HAL_PCD_ConnectCallback
                0x0000000008005d00       0x1c ./USB_DEVICE/Target/usbd_conf.o
                0x0000000008005d00                HAL_PCD_ConnectCallback
 .text.HAL_PCD_DisconnectCallback
                0x0000000008005d1c       0x1c ./USB_DEVICE/Target/usbd_conf.o
                0x0000000008005d1c                HAL_PCD_DisconnectCallback
 .text.USBD_LL_OpenEP
                0x0000000008005d38       0x4c ./USB_DEVICE/Target/usbd_conf.o
                0x0000000008005d38                USBD_LL_OpenEP
 .text.USBD_LL_StallEP
                0x0000000008005d84       0x3e ./USB_DEVICE/Target/usbd_conf.o
                0x0000000008005d84                USBD_LL_StallEP
 .text.USBD_LL_ClearStallEP
                0x0000000008005dc2       0x3e ./USB_DEVICE/Target/usbd_conf.o
                0x0000000008005dc2                USBD_LL_ClearStallEP
 .text.USBD_LL_IsStallEP
                0x0000000008005e00       0x58 ./USB_DEVICE/Target/usbd_conf.o
                0x0000000008005e00                USBD_LL_IsStallEP
 .text.USBD_LL_SetUSBAddress
                0x0000000008005e58       0x3e ./USB_DEVICE/Target/usbd_conf.o
                0x0000000008005e58                USBD_LL_SetUSBAddress
 .text.USBD_LL_Transmit
                0x0000000008005e96       0x42 ./USB_DEVICE/Target/usbd_conf.o
                0x0000000008005e96                USBD_LL_Transmit
 .text.USBD_LL_PrepareReceive
                0x0000000008005ed8       0x42 ./USB_DEVICE/Target/usbd_conf.o
                0x0000000008005ed8                USBD_LL_PrepareReceive
 *fill*         0x0000000008005f1a        0x2 
 .text.USBD_Get_USB_Status
                0x0000000008005f1c       0x58 ./USB_DEVICE/Target/usbd_conf.o
                0x0000000008005f1c                USBD_Get_USB_Status
 .text.__libc_init_array
                0x0000000008005f74       0x48 c:/st/stm32cubeide_1.11.0/stm32cubeide/plugins/com.st.stm32cube.ide.mcu.externaltools.gnu-tools-for-stm32.10.3-2021.10.win32_1.0.100.202210260954/tools/bin/../lib/gcc/arm-none-eabi/10.3.1/../../../../arm-none-eabi/lib/thumb/v7e-m+fp/hard\libc_nano.a(lib_a-init.o)
                0x0000000008005f74                __libc_init_array
 .text.memset   0x0000000008005fbc       0x10 c:/st/stm32cubeide_1.11.0/stm32cubeide/plugins/com.st.stm32cube.ide.mcu.externaltools.gnu-tools-for-stm32.10.3-2021.10.win32_1.0.100.202210260954/tools/bin/../lib/gcc/arm-none-eabi/10.3.1/../../../../arm-none-eabi/lib/thumb/v7e-m+fp/hard\libc_nano.a(lib_a-memset.o)
                0x0000000008005fbc                memset
 *(.glue_7)
 .glue_7        0x0000000008005fcc        0x0 linker stubs
 *(.glue_7t)
 .glue_7t       0x0000000008005fcc        0x0 linker stubs
 *(.eh_frame)
 .eh_frame      0x0000000008005fcc        0x0 c:/st/stm32cubeide_1.11.0/stm32cubeide/plugins/com.st.stm32cube.ide.mcu.externaltools.gnu-tools-for-stm32.10.3-2021.10.win32_1.0.100.202210260954/tools/bin/../lib/gcc/arm-none-eabi/10.3.1/thumb/v7e-m+fp/hard/crtbegin.o
 *(.init)
 .init          0x0000000008005fcc        0x4 c:/st/stm32cubeide_1.11.0/stm32cubeide/plugins/com.st.stm32cube.ide.mcu.externaltools.gnu-tools-for-stm32.10.3-2021.10.win32_1.0.100.202210260954/tools/bin/../lib/gcc/arm-none-eabi/10.3.1/thumb/v7e-m+fp/hard/crti.o
                0x0000000008005fcc                _init
 .init          0x0000000008005fd0        0x8 c:/st/stm32cubeide_1.11.0/stm32cubeide/plugins/com.st.stm32cube.ide.mcu.externaltools.gnu-tools-for-stm32.10.3-2021.10.win32_1.0.100.202210260954/tools/bin/../lib/gcc/arm-none-eabi/10.3.1/thumb/v7e-m+fp/hard/crtn.o
 *(.fini)
 .fini          0x0000000008005fd8        0x4 c:/st/stm32cubeide_1.11.0/stm32cubeide/plugins/com.st.stm32cube.ide.mcu.externaltools.gnu-tools-for-stm32.10.3-2021.10.win32_1.0.100.202210260954/tools/bin/../lib/gcc/arm-none-eabi/10.3.1/thumb/v7e-m+fp/hard/crti.o
                0x0000000008005fd8                _fini
 .fini          0x0000000008005fdc        0x8 c:/st/stm32cubeide_1.11.0/stm32cubeide/plugins/com.st.stm32cube.ide.mcu.externaltools.gnu-tools-for-stm32.10.3-2021.10.win32_1.0.100.202210260954/tools/bin/../lib/gcc/arm-none-eabi/10.3.1/thumb/v7e-m+fp/hard/crtn.o
                0x0000000008005fe4                . = ALIGN (0x4)
                0x0000000008005fe4                _etext = .

.vfp11_veneer   0x0000000008005fe4        0x0
 .vfp11_veneer  0x0000000008005fe4        0x0 linker stubs

.v4_bx          0x0000000008005fe4        0x0
 .v4_bx         0x0000000008005fe4        0x0 linker stubs

.iplt           0x0000000008005fe4        0x0
 .iplt          0x0000000008005fe4        0x0 c:/st/stm32cubeide_1.11.0/stm32cubeide/plugins/com.st.stm32cube.ide.mcu.externaltools.gnu-tools-for-stm32.10.3-2021.10.win32_1.0.100.202210260954/tools/bin/../lib/gcc/arm-none-eabi/10.3.1/thumb/v7e-m+fp/hard/crtbegin.o

.rodata         0x0000000008005fe4       0x10
                0x0000000008005fe4                . = ALIGN (0x4)
 *(.rodata)
 *(.rodata*)
 .rodata.AHBPrescTable
                0x0000000008005fe4       0x10 ./Core/Src/system_stm32f4xx.o
                0x0000000008005fe4                AHBPrescTable
                0x0000000008005ff4                . = ALIGN (0x4)

.ARM.extab      0x0000000008005ff4        0x0
                0x0000000008005ff4                . = ALIGN (0x4)
 *(.ARM.extab* .gnu.linkonce.armextab.*)
                0x0000000008005ff4                . = ALIGN (0x4)

.ARM            0x0000000008005ff4        0x8
                0x0000000008005ff4                . = ALIGN (0x4)
                0x0000000008005ff4                __exidx_start = .
 *(.ARM.exidx*)
 .ARM.exidx     0x0000000008005ff4        0x8 c:/st/stm32cubeide_1.11.0/stm32cubeide/plugins/com.st.stm32cube.ide.mcu.externaltools.gnu-tools-for-stm32.10.3-2021.10.win32_1.0.100.202210260954/tools/bin/../lib/gcc/arm-none-eabi/10.3.1/thumb/v7e-m+fp/hard\libgcc.a(_udivmoddi4.o)
                0x0000000008005ffc                __exidx_end = .
                0x0000000008005ffc                . = ALIGN (0x4)

.rel.dyn        0x0000000008005ffc        0x0
 .rel.iplt      0x0000000008005ffc        0x0 c:/st/stm32cubeide_1.11.0/stm32cubeide/plugins/com.st.stm32cube.ide.mcu.externaltools.gnu-tools-for-stm32.10.3-2021.10.win32_1.0.100.202210260954/tools/bin/../lib/gcc/arm-none-eabi/10.3.1/thumb/v7e-m+fp/hard/crtbegin.o

.preinit_array  0x0000000008005ffc        0x0
                0x0000000008005ffc                . = ALIGN (0x4)
                0x0000000008005ffc                PROVIDE (__preinit_array_start = .)
 *(.preinit_array*)
                0x0000000008005ffc                PROVIDE (__preinit_array_end = .)
                0x0000000008005ffc                . = ALIGN (0x4)

.init_array     0x0000000008005ffc        0x4
                0x0000000008005ffc                . = ALIGN (0x4)
                0x0000000008005ffc                PROVIDE (__init_array_start = .)
 *(SORT_BY_NAME(.init_array.*))
 *(.init_array*)
 .init_array    0x0000000008005ffc        0x4 c:/st/stm32cubeide_1.11.0/stm32cubeide/plugins/com.st.stm32cube.ide.mcu.externaltools.gnu-tools-for-stm32.10.3-2021.10.win32_1.0.100.202210260954/tools/bin/../lib/gcc/arm-none-eabi/10.3.1/thumb/v7e-m+fp/hard/crtbegin.o
                0x0000000008006000                PROVIDE (__init_array_end = .)
                0x0000000008006000                . = ALIGN (0x4)

.fini_array     0x0000000008006000        0x4
                0x0000000008006000                . = ALIGN (0x4)
                [!provide]                        PROVIDE (__fini_array_start = .)
 *(SORT_BY_NAME(.fini_array.*))
 *(.fini_array*)
 .fini_array    0x0000000008006000        0x4 c:/st/stm32cubeide_1.11.0/stm32cubeide/plugins/com.st.stm32cube.ide.mcu.externaltools.gnu-tools-for-stm32.10.3-2021.10.win32_1.0.100.202210260954/tools/bin/../lib/gcc/arm-none-eabi/10.3.1/thumb/v7e-m+fp/hard/crtbegin.o
                [!provide]                        PROVIDE (__fini_array_end = .)
                0x0000000008006004                . = ALIGN (0x4)
                0x0000000008006004                _sidata = LOADADDR (.data)

.data           0x0000000020000000        0xc load address 0x0000000008006004
                0x0000000020000000                . = ALIGN (0x4)
                0x0000000020000000                _sdata = .
 *(.data)
 *(.data*)
 .data.SystemCoreClock
                0x0000000020000000        0x4 ./Core/Src/system_stm32f4xx.o
                0x0000000020000000                SystemCoreClock
 .data.uwTickPrio
                0x0000000020000004        0x4 ./Drivers/STM32F4xx_HAL_Driver/Src/stm32f4xx_hal.o
                0x0000000020000004                uwTickPrio
 .data.uwTickFreq
                0x0000000020000008        0x1 ./Drivers/STM32F4xx_HAL_Driver/Src/stm32f4xx_hal.o
                0x0000000020000008                uwTickFreq
 *(.RamFunc)
 *(.RamFunc*)
                0x000000002000000c                . = ALIGN (0x4)
 *fill*         0x0000000020000009        0x3 
                0x000000002000000c                _edata = .
                0x0000000008006010                _siccmram = LOADADDR (.ccmram)

.igot.plt       0x000000002000000c        0x0 load address 0x0000000008006010
 .igot.plt      0x000000002000000c        0x0 c:/st/stm32cubeide_1.11.0/stm32cubeide/plugins/com.st.stm32cube.ide.mcu.externaltools.gnu-tools-for-stm32.10.3-2021.10.win32_1.0.100.202210260954/tools/bin/../lib/gcc/arm-none-eabi/10.3.1/thumb/v7e-m+fp/hard/crtbegin.o

.ccmram         0x0000000010000000        0x0 load address 0x0000000008006010
                0x0000000010000000                . = ALIGN (0x4)
                0x0000000010000000                _sccmram = .
 *(.ccmram)
 *(.ccmram*)
                0x0000000010000000                . = ALIGN (0x4)
                0x0000000010000000                _eccmram = .
                0x0000000010000000                . = ALIGN (0x4)

.bss            0x000000002000000c      0x580
                0x000000002000000c                _sbss = .
                0x000000002000000c                __bss_start__ = _sbss
 *(.bss)
 .bss           0x000000002000000c       0x1c c:/st/stm32cubeide_1.11.0/stm32cubeide/plugins/com.st.stm32cube.ide.mcu.externaltools.gnu-tools-for-stm32.10.3-2021.10.win32_1.0.100.202210260954/tools/bin/../lib/gcc/arm-none-eabi/10.3.1/thumb/v7e-m+fp/hard/crtbegin.o
 *(.bss*)
 .bss.adc_value
                0x0000000020000028        0x2 ./Core/Src/main.o
                0x0000000020000028                adc_value
 *fill*         0x000000002000002a        0x2 
 .bss.Gram      0x000000002000002c        0x4 ./Core/Src/main.o
                0x000000002000002c                Gram
 .bss.hadc1     0x0000000020000030       0x48 ./Core/Src/main.o
                0x0000000020000030                hadc1
 .bss.uwTick    0x0000000020000078        0x4 ./Drivers/STM32F4xx_HAL_Driver/Src/stm32f4xx_hal.o
                0x0000000020000078                uwTick
 .bss.cfgidx.0  0x000000002000007c        0x1 ./Middlewares/ST/STM32_USB_Device_Library/Core/Src/usbd_ctlreq.o
 *fill*         0x000000002000007d        0x3 
 .bss.hpcd_USB_OTG_FS
                0x0000000020000080      0x50c ./USB_DEVICE/Target/usbd_conf.o
                0x0000000020000080                hpcd_USB_OTG_FS
 *(COMMON)
                0x000000002000058c                . = ALIGN (0x4)
                0x000000002000058c                _ebss = .
                0x000000002000058c                __bss_end__ = _ebss

._user_heap_stack
                0x000000002000058c      0x604
                0x0000000020000590                . = ALIGN (0x8)
 *fill*         0x000000002000058c        0x4 
                [!provide]                        PROVIDE (end = .)
                0x0000000020000590                PROVIDE (_end = .)
                0x0000000020000790                . = (. + _Min_Heap_Size)
 *fill*         0x0000000020000590      0x200 
                0x0000000020000b90                . = (. + _Min_Stack_Size)
 *fill*         0x0000000020000790      0x400 
                0x0000000020000b90                . = ALIGN (0x8)

/DISCARD/
 libc.a(*)
 libm.a(*)
 libgcc.a(*)

.ARM.attributes
                0x0000000000000000       0x30
 *(.ARM.attributes)
 .ARM.attributes
                0x0000000000000000       0x1e c:/st/stm32cubeide_1.11.0/stm32cubeide/plugins/com.st.stm32cube.ide.mcu.externaltools.gnu-tools-for-stm32.10.3-2021.10.win32_1.0.100.202210260954/tools/bin/../lib/gcc/arm-none-eabi/10.3.1/thumb/v7e-m+fp/hard/crti.o
 .ARM.attributes
                0x000000000000001e       0x34 c:/st/stm32cubeide_1.11.0/stm32cubeide/plugins/com.st.stm32cube.ide.mcu.externaltools.gnu-tools-for-stm32.10.3-2021.10.win32_1.0.100.202210260954/tools/bin/../lib/gcc/arm-none-eabi/10.3.1/thumb/v7e-m+fp/hard/crtbegin.o
 .ARM.attributes
                0x0000000000000052       0x34 ./Core/Src/main.o
 .ARM.attributes
                0x0000000000000086       0x34 ./Core/Src/stm32f4xx_hal_msp.o
 .ARM.attributes
                0x00000000000000ba       0x34 ./Core/Src/stm32f4xx_it.o
 .ARM.attributes
                0x00000000000000ee       0x34 ./Core/Src/system_stm32f4xx.o
 .ARM.attributes
                0x0000000000000122       0x21 ./Core/Startup/startup_stm32f407vgtx.o
 .ARM.attributes
                0x0000000000000143       0x34 ./Drivers/STM32F4xx_HAL_Driver/Src/stm32f4xx_hal.o
 .ARM.attributes
                0x0000000000000177       0x34 ./Drivers/STM32F4xx_HAL_Driver/Src/stm32f4xx_hal_adc.o
 .ARM.attributes
                0x00000000000001ab       0x34 ./Drivers/STM32F4xx_HAL_Driver/Src/stm32f4xx_hal_cortex.o
 .ARM.attributes
                0x00000000000001df       0x34 ./Drivers/STM32F4xx_HAL_Driver/Src/stm32f4xx_hal_gpio.o
 .ARM.attributes
                0x0000000000000213       0x34 ./Drivers/STM32F4xx_HAL_Driver/Src/stm32f4xx_hal_pcd.o
 .ARM.attributes
                0x0000000000000247       0x34 ./Drivers/STM32F4xx_HAL_Driver/Src/stm32f4xx_hal_pcd_ex.o
 .ARM.attributes
                0x000000000000027b       0x34 ./Drivers/STM32F4xx_HAL_Driver/Src/stm32f4xx_hal_rcc.o
 .ARM.attributes
                0x00000000000002af       0x34 ./Drivers/STM32F4xx_HAL_Driver/Src/stm32f4xx_ll_usb.o
 .ARM.attributes
                0x00000000000002e3       0x34 ./Middlewares/ST/STM32_USB_Device_Library/Core/Src/usbd_core.o
 .ARM.attributes
                0x0000000000000317       0x34 ./Middlewares/ST/STM32_USB_Device_Library/Core/Src/usbd_ctlreq.o
 .ARM.attributes
                0x000000000000034b       0x34 ./Middlewares/ST/STM32_USB_Device_Library/Core/Src/usbd_ioreq.o
 .ARM.attributes
                0x000000000000037f       0x34 ./USB_DEVICE/Target/usbd_conf.o
 .ARM.attributes
                0x00000000000003b3       0x34 c:/st/stm32cubeide_1.11.0/stm32cubeide/plugins/com.st.stm32cube.ide.mcu.externaltools.gnu-tools-for-stm32.10.3-2021.10.win32_1.0.100.202210260954/tools/bin/../lib/gcc/arm-none-eabi/10.3.1/../../../../arm-none-eabi/lib/thumb/v7e-m+fp/hard\libc_nano.a(lib_a-init.o)
 .ARM.attributes
                0x00000000000003e7       0x34 c:/st/stm32cubeide_1.11.0/stm32cubeide/plugins/com.st.stm32cube.ide.mcu.externaltools.gnu-tools-for-stm32.10.3-2021.10.win32_1.0.100.202210260954/tools/bin/../lib/gcc/arm-none-eabi/10.3.1/../../../../arm-none-eabi/lib/thumb/v7e-m+fp/hard\libc_nano.a(lib_a-memset.o)
 .ARM.attributes
                0x000000000000041b       0x1e c:/st/stm32cubeide_1.11.0/stm32cubeide/plugins/com.st.stm32cube.ide.mcu.externaltools.gnu-tools-for-stm32.10.3-2021.10.win32_1.0.100.202210260954/tools/bin/../lib/gcc/arm-none-eabi/10.3.1/thumb/v7e-m+fp/hard\libgcc.a(_arm_muldf3.o)
 .ARM.attributes
                0x0000000000000439       0x1e c:/st/stm32cubeide_1.11.0/stm32cubeide/plugins/com.st.stm32cube.ide.mcu.externaltools.gnu-tools-for-stm32.10.3-2021.10.win32_1.0.100.202210260954/tools/bin/../lib/gcc/arm-none-eabi/10.3.1/thumb/v7e-m+fp/hard\libgcc.a(_arm_addsubdf3.o)
 .ARM.attributes
                0x0000000000000457       0x1e c:/st/stm32cubeide_1.11.0/stm32cubeide/plugins/com.st.stm32cube.ide.mcu.externaltools.gnu-tools-for-stm32.10.3-2021.10.win32_1.0.100.202210260954/tools/bin/../lib/gcc/arm-none-eabi/10.3.1/thumb/v7e-m+fp/hard\libgcc.a(_arm_truncdfsf2.o)
 .ARM.attributes
                0x0000000000000475       0x1e c:/st/stm32cubeide_1.11.0/stm32cubeide/plugins/com.st.stm32cube.ide.mcu.externaltools.gnu-tools-for-stm32.10.3-2021.10.win32_1.0.100.202210260954/tools/bin/../lib/gcc/arm-none-eabi/10.3.1/thumb/v7e-m+fp/hard\libgcc.a(_aeabi_uldivmod.o)
 .ARM.attributes
                0x0000000000000493       0x34 c:/st/stm32cubeide_1.11.0/stm32cubeide/plugins/com.st.stm32cube.ide.mcu.externaltools.gnu-tools-for-stm32.10.3-2021.10.win32_1.0.100.202210260954/tools/bin/../lib/gcc/arm-none-eabi/10.3.1/thumb/v7e-m+fp/hard\libgcc.a(_udivmoddi4.o)
 .ARM.attributes
                0x00000000000004c7       0x1e c:/st/stm32cubeide_1.11.0/stm32cubeide/plugins/com.st.stm32cube.ide.mcu.externaltools.gnu-tools-for-stm32.10.3-2021.10.win32_1.0.100.202210260954/tools/bin/../lib/gcc/arm-none-eabi/10.3.1/thumb/v7e-m+fp/hard\libgcc.a(_dvmd_tls.o)
 .ARM.attributes
                0x00000000000004e5       0x1e c:/st/stm32cubeide_1.11.0/stm32cubeide/plugins/com.st.stm32cube.ide.mcu.externaltools.gnu-tools-for-stm32.10.3-2021.10.win32_1.0.100.202210260954/tools/bin/../lib/gcc/arm-none-eabi/10.3.1/thumb/v7e-m+fp/hard/crtn.o
OUTPUT(velostat.elf elf32-littlearm)
LOAD linker stubs
LOAD c:/st/stm32cubeide_1.11.0/stm32cubeide/plugins/com.st.stm32cube.ide.mcu.externaltools.gnu-tools-for-stm32.10.3-2021.10.win32_1.0.100.202210260954/tools/bin/../lib/gcc/arm-none-eabi/10.3.1/../../../../arm-none-eabi/lib/thumb/v7e-m+fp/hard\libc.a
LOAD c:/st/stm32cubeide_1.11.0/stm32cubeide/plugins/com.st.stm32cube.ide.mcu.externaltools.gnu-tools-for-stm32.10.3-2021.10.win32_1.0.100.202210260954/tools/bin/../lib/gcc/arm-none-eabi/10.3.1/../../../../arm-none-eabi/lib/thumb/v7e-m+fp/hard\libm.a
LOAD c:/st/stm32cubeide_1.11.0/stm32cubeide/plugins/com.st.stm32cube.ide.mcu.externaltools.gnu-tools-for-stm32.10.3-2021.10.win32_1.0.100.202210260954/tools/bin/../lib/gcc/arm-none-eabi/10.3.1/thumb/v7e-m+fp/hard\libgcc.a

.debug_info     0x0000000000000000     0xce3b
 .debug_info    0x0000000000000000      0xbb5 ./Core/Src/main.o
 .debug_info    0x0000000000000bb5      0x978 ./Core/Src/stm32f4xx_hal_msp.o
 .debug_info    0x000000000000152d      0x650 ./Core/Src/stm32f4xx_it.o
 .debug_info    0x0000000000001b7d      0x523 ./Core/Src/system_stm32f4xx.o
 .debug_info    0x00000000000020a0       0x22 ./Core/Startup/startup_stm32f407vgtx.o
 .debug_info    0x00000000000020c2      0x97c ./Drivers/STM32F4xx_HAL_Driver/Src/stm32f4xx_hal.o
 .debug_info    0x0000000000002a3e      0xd70 ./Drivers/STM32F4xx_HAL_Driver/Src/stm32f4xx_hal_adc.o
 .debug_info    0x00000000000037ae      0xe1b ./Drivers/STM32F4xx_HAL_Driver/Src/stm32f4xx_hal_cortex.o
 .debug_info    0x00000000000045c9      0x76a ./Drivers/STM32F4xx_HAL_Driver/Src/stm32f4xx_hal_gpio.o
 .debug_info    0x0000000000004d33     0x1695 ./Drivers/STM32F4xx_HAL_Driver/Src/stm32f4xx_hal_pcd.o
 .debug_info    0x00000000000063c8      0x717 ./Drivers/STM32F4xx_HAL_Driver/Src/stm32f4xx_hal_pcd_ex.o
 .debug_info    0x0000000000006adf      0x966 ./Drivers/STM32F4xx_HAL_Driver/Src/stm32f4xx_hal_rcc.o
 .debug_info    0x0000000000007445     0x1a97 ./Drivers/STM32F4xx_HAL_Driver/Src/stm32f4xx_ll_usb.o
 .debug_info    0x0000000000008edc      0xee7 ./Middlewares/ST/STM32_USB_Device_Library/Core/Src/usbd_core.o
 .debug_info    0x0000000000009dc3      0xb7f ./Middlewares/ST/STM32_USB_Device_Library/Core/Src/usbd_ctlreq.o
 .debug_info    0x000000000000a942      0x7da ./Middlewares/ST/STM32_USB_Device_Library/Core/Src/usbd_ioreq.o
 .debug_info    0x000000000000b11c     0x1d1f ./USB_DEVICE/Target/usbd_conf.o

.debug_abbrev   0x0000000000000000     0x22f8
 .debug_abbrev  0x0000000000000000      0x23b ./Core/Src/main.o
 .debug_abbrev  0x000000000000023b      0x194 ./Core/Src/stm32f4xx_hal_msp.o
 .debug_abbrev  0x00000000000003cf      0x199 ./Core/Src/stm32f4xx_it.o
 .debug_abbrev  0x0000000000000568      0x116 ./Core/Src/system_stm32f4xx.o
 .debug_abbrev  0x000000000000067e       0x12 ./Core/Startup/startup_stm32f407vgtx.o
 .debug_abbrev  0x0000000000000690      0x20d ./Drivers/STM32F4xx_HAL_Driver/Src/stm32f4xx_hal.o
 .debug_abbrev  0x000000000000089d      0x244 ./Drivers/STM32F4xx_HAL_Driver/Src/stm32f4xx_hal_adc.o
 .debug_abbrev  0x0000000000000ae1      0x316 ./Drivers/STM32F4xx_HAL_Driver/Src/stm32f4xx_hal_cortex.o
 .debug_abbrev  0x0000000000000df7      0x1c4 ./Drivers/STM32F4xx_HAL_Driver/Src/stm32f4xx_hal_gpio.o
 .debug_abbrev  0x0000000000000fbb      0x2bb ./Drivers/STM32F4xx_HAL_Driver/Src/stm32f4xx_hal_pcd.o
 .debug_abbrev  0x0000000000001276      0x1ce ./Drivers/STM32F4xx_HAL_Driver/Src/stm32f4xx_hal_pcd_ex.o
 .debug_abbrev  0x0000000000001444      0x2aa ./Drivers/STM32F4xx_HAL_Driver/Src/stm32f4xx_hal_rcc.o
 .debug_abbrev  0x00000000000016ee      0x296 ./Drivers/STM32F4xx_HAL_Driver/Src/stm32f4xx_ll_usb.o
 .debug_abbrev  0x0000000000001984      0x263 ./Middlewares/ST/STM32_USB_Device_Library/Core/Src/usbd_core.o
 .debug_abbrev  0x0000000000001be7      0x25c ./Middlewares/ST/STM32_USB_Device_Library/Core/Src/usbd_ctlreq.o
 .debug_abbrev  0x0000000000001e43      0x18a ./Middlewares/ST/STM32_USB_Device_Library/Core/Src/usbd_ioreq.o
 .debug_abbrev  0x0000000000001fcd      0x32b ./USB_DEVICE/Target/usbd_conf.o

.debug_aranges  0x0000000000000000      0xae8
 .debug_aranges
                0x0000000000000000       0x48 ./Core/Src/main.o
 .debug_aranges
                0x0000000000000048       0x30 ./Core/Src/stm32f4xx_hal_msp.o
 .debug_aranges
                0x0000000000000078       0x68 ./Core/Src/stm32f4xx_it.o
 .debug_aranges
                0x00000000000000e0       0x28 ./Core/Src/system_stm32f4xx.o
 .debug_aranges
                0x0000000000000108       0x28 ./Core/Startup/startup_stm32f407vgtx.o
 .debug_aranges
                0x0000000000000130       0xf0 ./Drivers/STM32F4xx_HAL_Driver/Src/stm32f4xx_hal.o
 .debug_aranges
                0x0000000000000220       0xe8 ./Drivers/STM32F4xx_HAL_Driver/Src/stm32f4xx_hal_adc.o
 .debug_aranges
                0x0000000000000308      0x118 ./Drivers/STM32F4xx_HAL_Driver/Src/stm32f4xx_hal_cortex.o
 .debug_aranges
                0x0000000000000420       0x58 ./Drivers/STM32F4xx_HAL_Driver/Src/stm32f4xx_hal_gpio.o
 .debug_aranges
                0x0000000000000478      0x148 ./Drivers/STM32F4xx_HAL_Driver/Src/stm32f4xx_hal_pcd.o
 .debug_aranges
                0x00000000000005c0       0x38 ./Drivers/STM32F4xx_HAL_Driver/Src/stm32f4xx_hal_pcd_ex.o
 .debug_aranges
                0x00000000000005f8       0x88 ./Drivers/STM32F4xx_HAL_Driver/Src/stm32f4xx_hal_rcc.o
 .debug_aranges
                0x0000000000000680      0x1a0 ./Drivers/STM32F4xx_HAL_Driver/Src/stm32f4xx_ll_usb.o
 .debug_aranges
                0x0000000000000820       0xd8 ./Middlewares/ST/STM32_USB_Device_Library/Core/Src/usbd_core.o
 .debug_aranges
                0x00000000000008f8       0x90 ./Middlewares/ST/STM32_USB_Device_Library/Core/Src/usbd_ctlreq.o
 .debug_aranges
                0x0000000000000988       0x50 ./Middlewares/ST/STM32_USB_Device_Library/Core/Src/usbd_ioreq.o
 .debug_aranges
                0x00000000000009d8      0x110 ./USB_DEVICE/Target/usbd_conf.o

.debug_ranges   0x0000000000000000      0x9e0
 .debug_ranges  0x0000000000000000       0x38 ./Core/Src/main.o
 .debug_ranges  0x0000000000000038       0x20 ./Core/Src/stm32f4xx_hal_msp.o
 .debug_ranges  0x0000000000000058       0x58 ./Core/Src/stm32f4xx_it.o
 .debug_ranges  0x00000000000000b0       0x18 ./Core/Src/system_stm32f4xx.o
 .debug_ranges  0x00000000000000c8       0x20 ./Core/Startup/startup_stm32f407vgtx.o
 .debug_ranges  0x00000000000000e8       0xe0 ./Drivers/STM32F4xx_HAL_Driver/Src/stm32f4xx_hal.o
 .debug_ranges  0x00000000000001c8       0xd8 ./Drivers/STM32F4xx_HAL_Driver/Src/stm32f4xx_hal_adc.o
 .debug_ranges  0x00000000000002a0      0x108 ./Drivers/STM32F4xx_HAL_Driver/Src/stm32f4xx_hal_cortex.o
 .debug_ranges  0x00000000000003a8       0x48 ./Drivers/STM32F4xx_HAL_Driver/Src/stm32f4xx_hal_gpio.o
 .debug_ranges  0x00000000000003f0      0x138 ./Drivers/STM32F4xx_HAL_Driver/Src/stm32f4xx_hal_pcd.o
 .debug_ranges  0x0000000000000528       0x28 ./Drivers/STM32F4xx_HAL_Driver/Src/stm32f4xx_hal_pcd_ex.o
 .debug_ranges  0x0000000000000550       0x78 ./Drivers/STM32F4xx_HAL_Driver/Src/stm32f4xx_hal_rcc.o
 .debug_ranges  0x00000000000005c8      0x190 ./Drivers/STM32F4xx_HAL_Driver/Src/stm32f4xx_ll_usb.o
 .debug_ranges  0x0000000000000758       0xc8 ./Middlewares/ST/STM32_USB_Device_Library/Core/Src/usbd_core.o
 .debug_ranges  0x0000000000000820       0x80 ./Middlewares/ST/STM32_USB_Device_Library/Core/Src/usbd_ctlreq.o
 .debug_ranges  0x00000000000008a0       0x40 ./Middlewares/ST/STM32_USB_Device_Library/Core/Src/usbd_ioreq.o
 .debug_ranges  0x00000000000008e0      0x100 ./USB_DEVICE/Target/usbd_conf.o

.debug_macro    0x0000000000000000    0x21e4e
 .debug_macro   0x0000000000000000      0x206 ./Core/Src/main.o
 .debug_macro   0x0000000000000206      0xa78 ./Core/Src/main.o
 .debug_macro   0x0000000000000c7e      0x29b ./Core/Src/main.o
 .debug_macro   0x0000000000000f19       0x2e ./Core/Src/main.o
 .debug_macro   0x0000000000000f47       0x2f ./Core/Src/main.o
 .debug_macro   0x0000000000000f76       0x22 ./Core/Src/main.o
 .debug_macro   0x0000000000000f98       0x8e ./Core/Src/main.o
 .debug_macro   0x0000000000001026       0x51 ./Core/Src/main.o
 .debug_macro   0x0000000000001077      0x103 ./Core/Src/main.o
 .debug_macro   0x000000000000117a       0x6a ./Core/Src/main.o
 .debug_macro   0x00000000000011e4      0x1df ./Core/Src/main.o
 .debug_macro   0x00000000000013c3       0x1c ./Core/Src/main.o
 .debug_macro   0x00000000000013df       0x22 ./Core/Src/main.o
 .debug_macro   0x0000000000001401       0xd9 ./Core/Src/main.o
 .debug_macro   0x00000000000014da     0x102d ./Core/Src/main.o
 .debug_macro   0x0000000000002507      0x11f ./Core/Src/main.o
 .debug_macro   0x0000000000002626    0x15e82 ./Core/Src/main.o
 .debug_macro   0x00000000000184a8       0x6d ./Core/Src/main.o
 .debug_macro   0x0000000000018515     0x367e ./Core/Src/main.o
 .debug_macro   0x000000000001bb93      0x174 ./Core/Src/main.o
 .debug_macro   0x000000000001bd07       0x5c ./Core/Src/main.o
 .debug_macro   0x000000000001bd63      0x96b ./Core/Src/main.o
 .debug_macro   0x000000000001c6ce      0x9fe ./Core/Src/main.o
 .debug_macro   0x000000000001d0cc      0x115 ./Core/Src/main.o
 .debug_macro   0x000000000001d1e1      0x13e ./Core/Src/main.o
 .debug_macro   0x000000000001d31f       0xa5 ./Core/Src/main.o
 .debug_macro   0x000000000001d3c4      0x174 ./Core/Src/main.o
 .debug_macro   0x000000000001d538      0x287 ./Core/Src/main.o
 .debug_macro   0x000000000001d7bf       0x5f ./Core/Src/main.o
 .debug_macro   0x000000000001d81e      0x236 ./Core/Src/main.o
 .debug_macro   0x000000000001da54      0xb5b ./Core/Src/main.o
 .debug_macro   0x000000000001e5af      0x38b ./Core/Src/main.o
 .debug_macro   0x000000000001e93a      0x176 ./Core/Src/main.o
 .debug_macro   0x000000000001eab0       0xf9 ./Core/Src/main.o
 .debug_macro   0x000000000001eba9      0x12c ./Core/Src/main.o
 .debug_macro   0x000000000001ecd5      0x21e ./Core/Src/main.o
 .debug_macro   0x000000000001eef3       0x2e ./Core/Src/main.o
 .debug_macro   0x000000000001ef21      0x11a ./Core/Src/main.o
 .debug_macro   0x000000000001f03b       0x7e ./Core/Src/main.o
 .debug_macro   0x000000000001f0b9       0x89 ./Core/Src/main.o
 .debug_macro   0x000000000001f142      0x248 ./Core/Src/main.o
 .debug_macro   0x000000000001f38a       0xba ./Core/Src/main.o
 .debug_macro   0x000000000001f444      0x12d ./Core/Src/main.o
 .debug_macro   0x000000000001f571      0x206 ./Core/Src/stm32f4xx_hal_msp.o
 .debug_macro   0x000000000001f777      0x210 ./Core/Src/stm32f4xx_it.o
 .debug_macro   0x000000000001f987      0x1fc ./Core/Src/system_stm32f4xx.o
 .debug_macro   0x000000000001fb83      0x25c ./Drivers/STM32F4xx_HAL_Driver/Src/stm32f4xx_hal.o
 .debug_macro   0x000000000001fddf      0x1fd ./Drivers/STM32F4xx_HAL_Driver/Src/stm32f4xx_hal_adc.o
 .debug_macro   0x000000000001ffdc      0x1fc ./Drivers/STM32F4xx_HAL_Driver/Src/stm32f4xx_hal_cortex.o
 .debug_macro   0x00000000000201d8      0x202 ./Drivers/STM32F4xx_HAL_Driver/Src/stm32f4xx_hal_gpio.o
 .debug_macro   0x00000000000203da      0x208 ./Drivers/STM32F4xx_HAL_Driver/Src/stm32f4xx_hal_pcd.o
 .debug_macro   0x00000000000205e2      0x1fc ./Drivers/STM32F4xx_HAL_Driver/Src/stm32f4xx_hal_pcd_ex.o
 .debug_macro   0x00000000000207de      0x220 ./Drivers/STM32F4xx_HAL_Driver/Src/stm32f4xx_hal_rcc.o
 .debug_macro   0x00000000000209fe      0x1fc ./Drivers/STM32F4xx_HAL_Driver/Src/stm32f4xx_ll_usb.o
 .debug_macro   0x0000000000020bfa      0x403 ./Middlewares/ST/STM32_USB_Device_Library/Core/Src/usbd_core.o
 .debug_macro   0x0000000000020ffd      0x215 ./Middlewares/ST/STM32_USB_Device_Library/Core/Src/usbd_core.o
 .debug_macro   0x0000000000021212      0x40d ./Middlewares/ST/STM32_USB_Device_Library/Core/Src/usbd_ctlreq.o
 .debug_macro   0x000000000002161f      0x409 ./Middlewares/ST/STM32_USB_Device_Library/Core/Src/usbd_ioreq.o
 .debug_macro   0x0000000000021a28      0x426 ./USB_DEVICE/Target/usbd_conf.o

.debug_line     0x0000000000000000     0xd233
 .debug_line    0x0000000000000000      0x818 ./Core/Src/main.o
 .debug_line    0x0000000000000818      0x74f ./Core/Src/stm32f4xx_hal_msp.o
 .debug_line    0x0000000000000f67      0x7e3 ./Core/Src/stm32f4xx_it.o
 .debug_line    0x000000000000174a      0x78a ./Core/Src/system_stm32f4xx.o
 .debug_line    0x0000000000001ed4       0x88 ./Core/Startup/startup_stm32f407vgtx.o
 .debug_line    0x0000000000001f5c      0x9f0 ./Drivers/STM32F4xx_HAL_Driver/Src/stm32f4xx_hal.o
 .debug_line    0x000000000000294c     0x1266 ./Drivers/STM32F4xx_HAL_Driver/Src/stm32f4xx_hal_adc.o
 .debug_line    0x0000000000003bb2      0xc9f ./Drivers/STM32F4xx_HAL_Driver/Src/stm32f4xx_hal_cortex.o
 .debug_line    0x0000000000004851      0xb64 ./Drivers/STM32F4xx_HAL_Driver/Src/stm32f4xx_hal_gpio.o
 .debug_line    0x00000000000053b5     0x1493 ./Drivers/STM32F4xx_HAL_Driver/Src/stm32f4xx_hal_pcd.o
 .debug_line    0x0000000000006848      0x7d3 ./Drivers/STM32F4xx_HAL_Driver/Src/stm32f4xx_hal_pcd_ex.o
 .debug_line    0x000000000000701b      0xd6c ./Drivers/STM32F4xx_HAL_Driver/Src/stm32f4xx_hal_rcc.o
 .debug_line    0x0000000000007d87     0x1aad ./Drivers/STM32F4xx_HAL_Driver/Src/stm32f4xx_ll_usb.o
 .debug_line    0x0000000000009834      0xf97 ./Middlewares/ST/STM32_USB_Device_Library/Core/Src/usbd_core.o
 .debug_line    0x000000000000a7cb     0x1168 ./Middlewares/ST/STM32_USB_Device_Library/Core/Src/usbd_ctlreq.o
 .debug_line    0x000000000000b933      0xaaf ./Middlewares/ST/STM32_USB_Device_Library/Core/Src/usbd_ioreq.o
 .debug_line    0x000000000000c3e2      0xe51 ./USB_DEVICE/Target/usbd_conf.o

.debug_str      0x0000000000000000    0xd0273
 .debug_str     0x0000000000000000    0xc84be ./Core/Src/main.o
                                      0xc87c8 (size before relaxing)
 .debug_str     0x00000000000c84be       0xd3 ./Core/Src/stm32f4xx_hal_msp.o
                                      0xc85e8 (size before relaxing)
 .debug_str     0x00000000000c8591      0x443 ./Core/Src/stm32f4xx_it.o
                                      0xc84f1 (size before relaxing)
 .debug_str     0x00000000000c89d4       0xdb ./Core/Src/system_stm32f4xx.o
                                      0xc8205 (size before relaxing)
 .debug_str     0x00000000000c8aaf       0x36 ./Core/Startup/startup_stm32f407vgtx.o
                                         0x48 (size before relaxing)
 .debug_str     0x00000000000c8ae5      0xafd ./Drivers/STM32F4xx_HAL_Driver/Src/stm32f4xx_hal.o
                                      0xc8d89 (size before relaxing)
 .debug_str     0x00000000000c95e2      0x28c ./Drivers/STM32F4xx_HAL_Driver/Src/stm32f4xx_hal_adc.o
                                      0xc87f2 (size before relaxing)
 .debug_str     0x00000000000c986e      0x34d ./Drivers/STM32F4xx_HAL_Driver/Src/stm32f4xx_hal_cortex.o
                                      0xc8abc (size before relaxing)
 .debug_str     0x00000000000c9bbb      0x15d ./Drivers/STM32F4xx_HAL_Driver/Src/stm32f4xx_hal_gpio.o
                                      0xc8380 (size before relaxing)
 .debug_str     0x00000000000c9d18      0x832 ./Drivers/STM32F4xx_HAL_Driver/Src/stm32f4xx_hal_pcd.o
                                      0xc8cc7 (size before relaxing)
 .debug_str     0x00000000000ca54a      0x115 ./Drivers/STM32F4xx_HAL_Driver/Src/stm32f4xx_hal_pcd_ex.o
                                      0xc85b6 (size before relaxing)
 .debug_str     0x00000000000ca65f      0x21f ./Drivers/STM32F4xx_HAL_Driver/Src/stm32f4xx_hal_rcc.o
                                      0xc8639 (size before relaxing)
 .debug_str     0x00000000000ca87e      0x44d ./Drivers/STM32F4xx_HAL_Driver/Src/stm32f4xx_ll_usb.o
                                      0xc8b2f (size before relaxing)
 .debug_str     0x00000000000caccb     0x5056 ./Middlewares/ST/STM32_USB_Device_Library/Core/Src/usbd_core.o
                                      0xcd18d (size before relaxing)
 .debug_str     0x00000000000cfd21      0x158 ./Middlewares/ST/STM32_USB_Device_Library/Core/Src/usbd_ctlreq.o
                                      0xccfb8 (size before relaxing)
 .debug_str     0x00000000000cfe79       0x8a ./Middlewares/ST/STM32_USB_Device_Library/Core/Src/usbd_ioreq.o
                                      0xcce8d (size before relaxing)
 .debug_str     0x00000000000cff03      0x370 ./USB_DEVICE/Target/usbd_conf.o
                                      0xce065 (size before relaxing)

.comment        0x0000000000000000       0x50
 .comment       0x0000000000000000       0x50 ./Core/Src/main.o
                                         0x51 (size before relaxing)
 .comment       0x0000000000000050       0x51 ./Core/Src/stm32f4xx_hal_msp.o
 .comment       0x0000000000000050       0x51 ./Core/Src/stm32f4xx_it.o
 .comment       0x0000000000000050       0x51 ./Core/Src/system_stm32f4xx.o
 .comment       0x0000000000000050       0x51 ./Drivers/STM32F4xx_HAL_Driver/Src/stm32f4xx_hal.o
 .comment       0x0000000000000050       0x51 ./Drivers/STM32F4xx_HAL_Driver/Src/stm32f4xx_hal_adc.o
 .comment       0x0000000000000050       0x51 ./Drivers/STM32F4xx_HAL_Driver/Src/stm32f4xx_hal_cortex.o
 .comment       0x0000000000000050       0x51 ./Drivers/STM32F4xx_HAL_Driver/Src/stm32f4xx_hal_gpio.o
 .comment       0x0000000000000050       0x51 ./Drivers/STM32F4xx_HAL_Driver/Src/stm32f4xx_hal_pcd.o
 .comment       0x0000000000000050       0x51 ./Drivers/STM32F4xx_HAL_Driver/Src/stm32f4xx_hal_pcd_ex.o
 .comment       0x0000000000000050       0x51 ./Drivers/STM32F4xx_HAL_Driver/Src/stm32f4xx_hal_rcc.o
 .comment       0x0000000000000050       0x51 ./Drivers/STM32F4xx_HAL_Driver/Src/stm32f4xx_ll_usb.o
 .comment       0x0000000000000050       0x51 ./Middlewares/ST/STM32_USB_Device_Library/Core/Src/usbd_core.o
 .comment       0x0000000000000050       0x51 ./Middlewares/ST/STM32_USB_Device_Library/Core/Src/usbd_ctlreq.o
 .comment       0x0000000000000050       0x51 ./Middlewares/ST/STM32_USB_Device_Library/Core/Src/usbd_ioreq.o
 .comment       0x0000000000000050       0x51 ./USB_DEVICE/Target/usbd_conf.o

.debug_frame    0x0000000000000000     0x2d3c
 .debug_frame   0x0000000000000000       0xd0 ./Core/Src/main.o
 .debug_frame   0x00000000000000d0       0x80 ./Core/Src/stm32f4xx_hal_msp.o
 .debug_frame   0x0000000000000150      0x120 ./Core/Src/stm32f4xx_it.o
 .debug_frame   0x0000000000000270       0x58 ./Core/Src/system_stm32f4xx.o
 .debug_frame   0x00000000000002c8      0x374 ./Drivers/STM32F4xx_HAL_Driver/Src/stm32f4xx_hal.o
 .debug_frame   0x000000000000063c      0x3fc ./Drivers/STM32F4xx_HAL_Driver/Src/stm32f4xx_hal_adc.o
 .debug_frame   0x0000000000000a38      0x498 ./Drivers/STM32F4xx_HAL_Driver/Src/stm32f4xx_hal_cortex.o
 .debug_frame   0x0000000000000ed0      0x14c ./Drivers/STM32F4xx_HAL_Driver/Src/stm32f4xx_hal_gpio.o
 .debug_frame   0x000000000000101c      0x5bc ./Drivers/STM32F4xx_HAL_Driver/Src/stm32f4xx_hal_pcd.o
 .debug_frame   0x00000000000015d8       0xb0 ./Drivers/STM32F4xx_HAL_Driver/Src/stm32f4xx_hal_pcd_ex.o
 .debug_frame   0x0000000000001688      0x1f4 ./Drivers/STM32F4xx_HAL_Driver/Src/stm32f4xx_hal_rcc.o
 .debug_frame   0x000000000000187c      0x7c0 ./Drivers/STM32F4xx_HAL_Driver/Src/stm32f4xx_ll_usb.o
 .debug_frame   0x000000000000203c      0x390 ./Middlewares/ST/STM32_USB_Device_Library/Core/Src/usbd_core.o
 .debug_frame   0x00000000000023cc      0x23c ./Middlewares/ST/STM32_USB_Device_Library/Core/Src/usbd_ctlreq.o
 .debug_frame   0x0000000000002608      0x10c ./Middlewares/ST/STM32_USB_Device_Library/Core/Src/usbd_ioreq.o
 .debug_frame   0x0000000000002714      0x47c ./USB_DEVICE/Target/usbd_conf.o
 .debug_frame   0x0000000000002b90       0x2c c:/st/stm32cubeide_1.11.0/stm32cubeide/plugins/com.st.stm32cube.ide.mcu.externaltools.gnu-tools-for-stm32.10.3-2021.10.win32_1.0.100.202210260954/tools/bin/../lib/gcc/arm-none-eabi/10.3.1/../../../../arm-none-eabi/lib/thumb/v7e-m+fp/hard\libc_nano.a(lib_a-init.o)
 .debug_frame   0x0000000000002bbc       0x20 c:/st/stm32cubeide_1.11.0/stm32cubeide/plugins/com.st.stm32cube.ide.mcu.externaltools.gnu-tools-for-stm32.10.3-2021.10.win32_1.0.100.202210260954/tools/bin/../lib/gcc/arm-none-eabi/10.3.1/../../../../arm-none-eabi/lib/thumb/v7e-m+fp/hard\libc_nano.a(lib_a-memset.o)
 .debug_frame   0x0000000000002bdc       0x30 c:/st/stm32cubeide_1.11.0/stm32cubeide/plugins/com.st.stm32cube.ide.mcu.externaltools.gnu-tools-for-stm32.10.3-2021.10.win32_1.0.100.202210260954/tools/bin/../lib/gcc/arm-none-eabi/10.3.1/thumb/v7e-m+fp/hard\libgcc.a(_arm_muldf3.o)
 .debug_frame   0x0000000000002c0c       0xac c:/st/stm32cubeide_1.11.0/stm32cubeide/plugins/com.st.stm32cube.ide.mcu.externaltools.gnu-tools-for-stm32.10.3-2021.10.win32_1.0.100.202210260954/tools/bin/../lib/gcc/arm-none-eabi/10.3.1/thumb/v7e-m+fp/hard\libgcc.a(_arm_addsubdf3.o)
 .debug_frame   0x0000000000002cb8       0x24 c:/st/stm32cubeide_1.11.0/stm32cubeide/plugins/com.st.stm32cube.ide.mcu.externaltools.gnu-tools-for-stm32.10.3-2021.10.win32_1.0.100.202210260954/tools/bin/../lib/gcc/arm-none-eabi/10.3.1/thumb/v7e-m+fp/hard\libgcc.a(_arm_truncdfsf2.o)
 .debug_frame   0x0000000000002cdc       0x2c c:/st/stm32cubeide_1.11.0/stm32cubeide/plugins/com.st.stm32cube.ide.mcu.externaltools.gnu-tools-for-stm32.10.3-2021.10.win32_1.0.100.202210260954/tools/bin/../lib/gcc/arm-none-eabi/10.3.1/thumb/v7e-m+fp/hard\libgcc.a(_aeabi_uldivmod.o)
 .debug_frame   0x0000000000002d08       0x34 c:/st/stm32cubeide_1.11.0/stm32cubeide/plugins/com.st.stm32cube.ide.mcu.externaltools.gnu-tools-for-stm32.10.3-2021.10.win32_1.0.100.202210260954/tools/bin/../lib/gcc/arm-none-eabi/10.3.1/thumb/v7e-m+fp/hard\libgcc.a(_udivmoddi4.o)
